2025-04-02 10:13:48.554 -06:00 [ERR] Failed executing DbCommand (31ms) [Parameters=[], CommandType='"Text"', CommandTimeout='30']
SELECT [r].[idReservacion], [r].[FechaLimite], [r].[FechaReserva], [r].[idCrucero], [r].[idDatosPago], [r].[idFecha], [r].[IdFechaNavigationIdFecha], [r].[idUsuario], [c].[idCrucero], [c].[CantidadDias], [c].[Descripcion], [c].[idBarco], [c].[Nombre], [f].[idFecha], [f].[FechaSalida], [f].[idCrucero], [d].[idDatosPago], [d].[idTipoPago], [d].[MontoPendiente], [d].[MontoPrima], [d].[MontoTotal], [s].[idDetalleRes], [s].[CantHuespedes], [s].[idHabitacion], [s].[idReservacion], [s].[idHabitacion0], [s].[Descripcion], [s].[HuespedesMax], [s].[HuespedesMin], [s].[Nombre], [s].[Tama?o], [s0].[idResCom], [s0].[Cantidad], [s0].[idComplemento], [s0].[idReservacion], [s0].[idComplemento0], [s0].[Descripcion], [s0].[Nombre], [s0].[Precio], [s0].[TipoAplicacion]
FROM [Reservacion] AS [r]
INNER JOIN [Crucero] AS [c] ON [r].[idCrucero] = [c].[idCrucero]
INNER JOIN [Fecha] AS [f] ON [r].[IdFechaNavigationIdFecha] = [f].[idFecha]
INNER JOIN [DatosPago] AS [d] ON [r].[idDatosPago] = [d].[idDatosPago]
LEFT JOIN (
    SELECT [d0].[idDetalleRes], [d0].[CantHuespedes], [d0].[idHabitacion], [d0].[idReservacion], [h].[idHabitacion] AS [idHabitacion0], [h].[Descripcion], [h].[HuespedesMax], [h].[HuespedesMin], [h].[Nombre], [h].[Tama?o]
    FROM [DetalleReservacion] AS [d0]
    INNER JOIN [Habitacion] AS [h] ON [d0].[idHabitacion] = [h].[idHabitacion]
) AS [s] ON [r].[idReservacion] = [s].[idReservacion]
LEFT JOIN (
    SELECT [r0].[idResCom], [r0].[Cantidad], [r0].[idComplemento], [r0].[idReservacion], [c0].[idComplemento] AS [idComplemento0], [c0].[Descripcion], [c0].[Nombre], [c0].[Precio], [c0].[TipoAplicacion]
    FROM [ReservaComplemento] AS [r0]
    INNER JOIN [Complemento] AS [c0] ON [r0].[idComplemento] = [c0].[idComplemento]
) AS [s0] ON [r].[idReservacion] = [s0].[idReservacion]
ORDER BY [r].[idReservacion], [c].[idCrucero], [f].[idFecha], [d].[idDatosPago], [s].[idDetalleRes], [s].[idHabitacion0], [s0].[idResCom]
2025-04-02 10:13:48.649 -06:00 [ERR] An exception occurred while iterating over the results of a query for context type 'Reserva.Infraestructure.Data.ThousandSunnyContext'.
Microsoft.Data.SqlClient.SqlException (0x80131904): Invalid column name 'IdFechaNavigationIdFecha'.
Invalid column name 'IdFechaNavigationIdFecha'.
   at Microsoft.Data.SqlClient.SqlCommand.<>c.<ExecuteDbDataReaderAsync>b__211_0(Task`1 result)
   at System.Threading.Tasks.ContinuationResultTaskFromResultTask`2.InnerInvoke()
   at System.Threading.ExecutionContext.RunInternal(ExecutionContext executionContext, ContextCallback callback, Object state)
--- End of stack trace from previous location ---
   at System.Threading.ExecutionContext.RunInternal(ExecutionContext executionContext, ContextCallback callback, Object state)
   at System.Threading.Tasks.Task.ExecuteWithThreadLocal(Task& currentTaskSlot, Thread threadPoolThread)
--- End of stack trace from previous location ---
   at Microsoft.EntityFrameworkCore.Storage.RelationalCommand.ExecuteReaderAsync(RelationalCommandParameterObject parameterObject, CancellationToken cancellationToken)
   at Microsoft.EntityFrameworkCore.Storage.RelationalCommand.ExecuteReaderAsync(RelationalCommandParameterObject parameterObject, CancellationToken cancellationToken)
   at Microsoft.EntityFrameworkCore.Query.Internal.SingleQueryingEnumerable`1.AsyncEnumerator.InitializeReaderAsync(AsyncEnumerator enumerator, CancellationToken cancellationToken)
   at Microsoft.EntityFrameworkCore.SqlServer.Storage.Internal.SqlServerExecutionStrategy.ExecuteAsync[TState,TResult](TState state, Func`4 operation, Func`4 verifySucceeded, CancellationToken cancellationToken)
   at Microsoft.EntityFrameworkCore.Query.Internal.SingleQueryingEnumerable`1.AsyncEnumerator.MoveNextAsync()
ClientConnectionId:02cdf958-112f-4878-a578-61c9f0261821
Error Number:207,State:1,Class:16
Microsoft.Data.SqlClient.SqlException (0x80131904): Invalid column name 'IdFechaNavigationIdFecha'.
Invalid column name 'IdFechaNavigationIdFecha'.
   at Microsoft.Data.SqlClient.SqlCommand.<>c.<ExecuteDbDataReaderAsync>b__211_0(Task`1 result)
   at System.Threading.Tasks.ContinuationResultTaskFromResultTask`2.InnerInvoke()
   at System.Threading.ExecutionContext.RunInternal(ExecutionContext executionContext, ContextCallback callback, Object state)
--- End of stack trace from previous location ---
   at System.Threading.ExecutionContext.RunInternal(ExecutionContext executionContext, ContextCallback callback, Object state)
   at System.Threading.Tasks.Task.ExecuteWithThreadLocal(Task& currentTaskSlot, Thread threadPoolThread)
--- End of stack trace from previous location ---
   at Microsoft.EntityFrameworkCore.Storage.RelationalCommand.ExecuteReaderAsync(RelationalCommandParameterObject parameterObject, CancellationToken cancellationToken)
   at Microsoft.EntityFrameworkCore.Storage.RelationalCommand.ExecuteReaderAsync(RelationalCommandParameterObject parameterObject, CancellationToken cancellationToken)
   at Microsoft.EntityFrameworkCore.Query.Internal.SingleQueryingEnumerable`1.AsyncEnumerator.InitializeReaderAsync(AsyncEnumerator enumerator, CancellationToken cancellationToken)
   at Microsoft.EntityFrameworkCore.SqlServer.Storage.Internal.SqlServerExecutionStrategy.ExecuteAsync[TState,TResult](TState state, Func`4 operation, Func`4 verifySucceeded, CancellationToken cancellationToken)
   at Microsoft.EntityFrameworkCore.Query.Internal.SingleQueryingEnumerable`1.AsyncEnumerator.MoveNextAsync()
ClientConnectionId:02cdf958-112f-4878-a578-61c9f0261821
Error Number:207,State:1,Class:16
2025-04-02 10:13:48.936 -06:00 [ERR] 
EventId    :1703-250402101348
ErrorList  :Invalid column name 'IdFechaNavigationIdFecha'.
Invalid column name 'IdFechaNavigationIdFecha'.
StackTrace :   at Microsoft.Data.SqlClient.SqlCommand.<>c.<ExecuteDbDataReaderAsync>b__211_0(Task`1 result)
   at System.Threading.Tasks.ContinuationResultTaskFromResultTask`2.InnerInvoke()
   at System.Threading.ExecutionContext.RunInternal(ExecutionContext executionContext, ContextCallback callback, Object state)
--- End of stack trace from previous location ---
   at System.Threading.ExecutionContext.RunInternal(ExecutionContext executionContext, ContextCallback callback, Object state)
   at System.Threading.Tasks.Task.ExecuteWithThreadLocal(Task& currentTaskSlot, Thread threadPoolThread)
--- End of stack trace from previous location ---
   at Microsoft.EntityFrameworkCore.Storage.RelationalCommand.ExecuteReaderAsync(RelationalCommandParameterObject parameterObject, CancellationToken cancellationToken)
   at Microsoft.EntityFrameworkCore.Storage.RelationalCommand.ExecuteReaderAsync(RelationalCommandParameterObject parameterObject, CancellationToken cancellationToken)
   at Microsoft.EntityFrameworkCore.Query.Internal.SingleQueryingEnumerable`1.AsyncEnumerator.InitializeReaderAsync(AsyncEnumerator enumerator, CancellationToken cancellationToken)
   at Microsoft.EntityFrameworkCore.SqlServer.Storage.Internal.SqlServerExecutionStrategy.ExecuteAsync[TState,TResult](TState state, Func`4 operation, Func`4 verifySucceeded, CancellationToken cancellationToken)
   at Microsoft.EntityFrameworkCore.Query.Internal.SingleQueryingEnumerable`1.AsyncEnumerator.MoveNextAsync()
   at Microsoft.EntityFrameworkCore.EntityFrameworkQueryableExtensions.ToListAsync[TSource](IQueryable`1 source, CancellationToken cancellationToken)
   at Microsoft.EntityFrameworkCore.EntityFrameworkQueryableExtensions.ToListAsync[TSource](IQueryable`1 source, CancellationToken cancellationToken)
   at Reserva.Infraestructure.Repository.Implementations.RepositoryReservacion.ListAsync() in C:\Users\perez\Desktop\GitHub\ThousandSunny\Reserva.Infraestructure\Repository\Implementations\RepositoryReservacion.cs:line 39
   at Reserva.Application.Services.Implementations.ServiceReservacion.ListAsync() in C:\Users\perez\Desktop\GitHub\ThousandSunny\Reserva.Application\Services\Implementations\ServiceReservacion.cs:line 32
   at Reserva.Web.Controllers.ReservacionController.Index() in C:\Users\perez\Desktop\GitHub\ThousandSunny\Reserva.Web\Controllers\ReservacionController.cs:line 19
   at Microsoft.AspNetCore.Mvc.Infrastructure.ActionMethodExecutor.TaskOfIActionResultExecutor.Execute(ActionContext actionContext, IActionResultTypeMapper mapper, ObjectMethodExecutor executor, Object controller, Object[] arguments)
   at Microsoft.AspNetCore.Mvc.Infrastructure.ControllerActionInvoker.<InvokeActionMethodAsync>g__Logged|12_1(ControllerActionInvoker invoker)
   at Microsoft.AspNetCore.Mvc.Infrastructure.ControllerActionInvoker.<InvokeNextActionFilterAsync>g__Awaited|10_0(ControllerActionInvoker invoker, Task lastTask, State next, Scope scope, Object state, Boolean isCompleted)
   at Microsoft.AspNetCore.Mvc.Infrastructure.ControllerActionInvoker.Rethrow(ActionExecutedContextSealed context)
   at Microsoft.AspNetCore.Mvc.Infrastructure.ControllerActionInvoker.Next(State& next, Scope& scope, Object& state, Boolean& isCompleted)
   at Microsoft.AspNetCore.Mvc.Infrastructure.ControllerActionInvoker.<InvokeInnerFilterAsync>g__Awaited|13_0(ControllerActionInvoker invoker, Task lastTask, State next, Scope scope, Object state, Boolean isCompleted)
   at Microsoft.AspNetCore.Mvc.Infrastructure.ResourceInvoker.<InvokeNextResourceFilter>g__Awaited|25_0(ResourceInvoker invoker, Task lastTask, State next, Scope scope, Object state, Boolean isCompleted)
   at Microsoft.AspNetCore.Mvc.Infrastructure.ResourceInvoker.Rethrow(ResourceExecutedContextSealed context)
   at Microsoft.AspNetCore.Mvc.Infrastructure.ResourceInvoker.Next(State& next, Scope& scope, Object& state, Boolean& isCompleted)
   at Microsoft.AspNetCore.Mvc.Infrastructure.ResourceInvoker.<InvokeFilterPipelineAsync>g__Awaited|20_0(ResourceInvoker invoker, Task lastTask, State next, Scope scope, Object state, Boolean isCompleted)
   at Microsoft.AspNetCore.Mvc.Infrastructure.ResourceInvoker.<InvokeAsync>g__Logged|17_1(ResourceInvoker invoker)
   at Microsoft.AspNetCore.Mvc.Infrastructure.ResourceInvoker.<InvokeAsync>g__Logged|17_1(ResourceInvoker invoker)
   at Microsoft.AspNetCore.Authorization.AuthorizationMiddleware.Invoke(HttpContext context)
   at Serilog.AspNetCore.RequestLoggingMiddleware.Invoke(HttpContext httpContext)
   at Reserva.Web.Middleware.ErrorHandlingMiddleware.Invoke(HttpContext context) in C:\Users\perez\Desktop\GitHub\ThousandSunny\Reserva.Web\Middleware\ErrorHandlingMiddleware.cs:line 23

2025-04-02 10:14:07.656 -06:00 [ERR] Failed executing DbCommand (5ms) [Parameters=[], CommandType='"Text"', CommandTimeout='30']
SELECT [r].[idReservacion], [r].[FechaLimite], [r].[FechaReserva], [r].[idCrucero], [r].[idDatosPago], [r].[idFecha], [r].[IdFechaNavigationIdFecha], [r].[idUsuario], [c].[idCrucero], [c].[CantidadDias], [c].[Descripcion], [c].[idBarco], [c].[Nombre], [f].[idFecha], [f].[FechaSalida], [f].[idCrucero], [d].[idDatosPago], [d].[idTipoPago], [d].[MontoPendiente], [d].[MontoPrima], [d].[MontoTotal], [s].[idDetalleRes], [s].[CantHuespedes], [s].[idHabitacion], [s].[idReservacion], [s].[idHabitacion0], [s].[Descripcion], [s].[HuespedesMax], [s].[HuespedesMin], [s].[Nombre], [s].[Tama?o], [s0].[idResCom], [s0].[Cantidad], [s0].[idComplemento], [s0].[idReservacion], [s0].[idComplemento0], [s0].[Descripcion], [s0].[Nombre], [s0].[Precio], [s0].[TipoAplicacion]
FROM [Reservacion] AS [r]
INNER JOIN [Crucero] AS [c] ON [r].[idCrucero] = [c].[idCrucero]
INNER JOIN [Fecha] AS [f] ON [r].[IdFechaNavigationIdFecha] = [f].[idFecha]
INNER JOIN [DatosPago] AS [d] ON [r].[idDatosPago] = [d].[idDatosPago]
LEFT JOIN (
    SELECT [d0].[idDetalleRes], [d0].[CantHuespedes], [d0].[idHabitacion], [d0].[idReservacion], [h].[idHabitacion] AS [idHabitacion0], [h].[Descripcion], [h].[HuespedesMax], [h].[HuespedesMin], [h].[Nombre], [h].[Tama?o]
    FROM [DetalleReservacion] AS [d0]
    INNER JOIN [Habitacion] AS [h] ON [d0].[idHabitacion] = [h].[idHabitacion]
) AS [s] ON [r].[idReservacion] = [s].[idReservacion]
LEFT JOIN (
    SELECT [r0].[idResCom], [r0].[Cantidad], [r0].[idComplemento], [r0].[idReservacion], [c0].[idComplemento] AS [idComplemento0], [c0].[Descripcion], [c0].[Nombre], [c0].[Precio], [c0].[TipoAplicacion]
    FROM [ReservaComplemento] AS [r0]
    INNER JOIN [Complemento] AS [c0] ON [r0].[idComplemento] = [c0].[idComplemento]
) AS [s0] ON [r].[idReservacion] = [s0].[idReservacion]
ORDER BY [r].[idReservacion], [c].[idCrucero], [f].[idFecha], [d].[idDatosPago], [s].[idDetalleRes], [s].[idHabitacion0], [s0].[idResCom]
2025-04-02 10:14:07.659 -06:00 [ERR] An exception occurred while iterating over the results of a query for context type 'Reserva.Infraestructure.Data.ThousandSunnyContext'.
Microsoft.Data.SqlClient.SqlException (0x80131904): Invalid column name 'IdFechaNavigationIdFecha'.
Invalid column name 'IdFechaNavigationIdFecha'.
   at Microsoft.Data.SqlClient.SqlCommand.<>c.<ExecuteDbDataReaderAsync>b__211_0(Task`1 result)
   at System.Threading.Tasks.ContinuationResultTaskFromResultTask`2.InnerInvoke()
   at System.Threading.ExecutionContext.RunInternal(ExecutionContext executionContext, ContextCallback callback, Object state)
--- End of stack trace from previous location ---
   at System.Threading.ExecutionContext.RunInternal(ExecutionContext executionContext, ContextCallback callback, Object state)
   at System.Threading.Tasks.Task.ExecuteWithThreadLocal(Task& currentTaskSlot, Thread threadPoolThread)
--- End of stack trace from previous location ---
   at Microsoft.EntityFrameworkCore.Storage.RelationalCommand.ExecuteReaderAsync(RelationalCommandParameterObject parameterObject, CancellationToken cancellationToken)
   at Microsoft.EntityFrameworkCore.Storage.RelationalCommand.ExecuteReaderAsync(RelationalCommandParameterObject parameterObject, CancellationToken cancellationToken)
   at Microsoft.EntityFrameworkCore.Query.Internal.SingleQueryingEnumerable`1.AsyncEnumerator.InitializeReaderAsync(AsyncEnumerator enumerator, CancellationToken cancellationToken)
   at Microsoft.EntityFrameworkCore.SqlServer.Storage.Internal.SqlServerExecutionStrategy.ExecuteAsync[TState,TResult](TState state, Func`4 operation, Func`4 verifySucceeded, CancellationToken cancellationToken)
   at Microsoft.EntityFrameworkCore.Query.Internal.SingleQueryingEnumerable`1.AsyncEnumerator.MoveNextAsync()
ClientConnectionId:02cdf958-112f-4878-a578-61c9f0261821
Error Number:207,State:1,Class:16
Microsoft.Data.SqlClient.SqlException (0x80131904): Invalid column name 'IdFechaNavigationIdFecha'.
Invalid column name 'IdFechaNavigationIdFecha'.
   at Microsoft.Data.SqlClient.SqlCommand.<>c.<ExecuteDbDataReaderAsync>b__211_0(Task`1 result)
   at System.Threading.Tasks.ContinuationResultTaskFromResultTask`2.InnerInvoke()
   at System.Threading.ExecutionContext.RunInternal(ExecutionContext executionContext, ContextCallback callback, Object state)
--- End of stack trace from previous location ---
   at System.Threading.ExecutionContext.RunInternal(ExecutionContext executionContext, ContextCallback callback, Object state)
   at System.Threading.Tasks.Task.ExecuteWithThreadLocal(Task& currentTaskSlot, Thread threadPoolThread)
--- End of stack trace from previous location ---
   at Microsoft.EntityFrameworkCore.Storage.RelationalCommand.ExecuteReaderAsync(RelationalCommandParameterObject parameterObject, CancellationToken cancellationToken)
   at Microsoft.EntityFrameworkCore.Storage.RelationalCommand.ExecuteReaderAsync(RelationalCommandParameterObject parameterObject, CancellationToken cancellationToken)
   at Microsoft.EntityFrameworkCore.Query.Internal.SingleQueryingEnumerable`1.AsyncEnumerator.InitializeReaderAsync(AsyncEnumerator enumerator, CancellationToken cancellationToken)
   at Microsoft.EntityFrameworkCore.SqlServer.Storage.Internal.SqlServerExecutionStrategy.ExecuteAsync[TState,TResult](TState state, Func`4 operation, Func`4 verifySucceeded, CancellationToken cancellationToken)
   at Microsoft.EntityFrameworkCore.Query.Internal.SingleQueryingEnumerable`1.AsyncEnumerator.MoveNextAsync()
ClientConnectionId:02cdf958-112f-4878-a578-61c9f0261821
Error Number:207,State:1,Class:16
2025-04-02 10:14:07.815 -06:00 [ERR] 
EventId    :4965-250402101407
ErrorList  :Invalid column name 'IdFechaNavigationIdFecha'.
Invalid column name 'IdFechaNavigationIdFecha'.
StackTrace :   at Microsoft.Data.SqlClient.SqlCommand.<>c.<ExecuteDbDataReaderAsync>b__211_0(Task`1 result)
   at System.Threading.Tasks.ContinuationResultTaskFromResultTask`2.InnerInvoke()
   at System.Threading.ExecutionContext.RunInternal(ExecutionContext executionContext, ContextCallback callback, Object state)
--- End of stack trace from previous location ---
   at System.Threading.ExecutionContext.RunInternal(ExecutionContext executionContext, ContextCallback callback, Object state)
   at System.Threading.Tasks.Task.ExecuteWithThreadLocal(Task& currentTaskSlot, Thread threadPoolThread)
--- End of stack trace from previous location ---
   at Microsoft.EntityFrameworkCore.Storage.RelationalCommand.ExecuteReaderAsync(RelationalCommandParameterObject parameterObject, CancellationToken cancellationToken)
   at Microsoft.EntityFrameworkCore.Storage.RelationalCommand.ExecuteReaderAsync(RelationalCommandParameterObject parameterObject, CancellationToken cancellationToken)
   at Microsoft.EntityFrameworkCore.Query.Internal.SingleQueryingEnumerable`1.AsyncEnumerator.InitializeReaderAsync(AsyncEnumerator enumerator, CancellationToken cancellationToken)
   at Microsoft.EntityFrameworkCore.SqlServer.Storage.Internal.SqlServerExecutionStrategy.ExecuteAsync[TState,TResult](TState state, Func`4 operation, Func`4 verifySucceeded, CancellationToken cancellationToken)
   at Microsoft.EntityFrameworkCore.Query.Internal.SingleQueryingEnumerable`1.AsyncEnumerator.MoveNextAsync()
   at Microsoft.EntityFrameworkCore.EntityFrameworkQueryableExtensions.ToListAsync[TSource](IQueryable`1 source, CancellationToken cancellationToken)
   at Microsoft.EntityFrameworkCore.EntityFrameworkQueryableExtensions.ToListAsync[TSource](IQueryable`1 source, CancellationToken cancellationToken)
   at Reserva.Infraestructure.Repository.Implementations.RepositoryReservacion.ListAsync() in C:\Users\perez\Desktop\GitHub\ThousandSunny\Reserva.Infraestructure\Repository\Implementations\RepositoryReservacion.cs:line 39
   at Reserva.Application.Services.Implementations.ServiceReservacion.ListAsync() in C:\Users\perez\Desktop\GitHub\ThousandSunny\Reserva.Application\Services\Implementations\ServiceReservacion.cs:line 32
   at Reserva.Web.Controllers.ReservacionController.Index() in C:\Users\perez\Desktop\GitHub\ThousandSunny\Reserva.Web\Controllers\ReservacionController.cs:line 19
   at Microsoft.AspNetCore.Mvc.Infrastructure.ActionMethodExecutor.TaskOfIActionResultExecutor.Execute(ActionContext actionContext, IActionResultTypeMapper mapper, ObjectMethodExecutor executor, Object controller, Object[] arguments)
   at Microsoft.AspNetCore.Mvc.Infrastructure.ControllerActionInvoker.<InvokeActionMethodAsync>g__Logged|12_1(ControllerActionInvoker invoker)
   at Microsoft.AspNetCore.Mvc.Infrastructure.ControllerActionInvoker.<InvokeNextActionFilterAsync>g__Awaited|10_0(ControllerActionInvoker invoker, Task lastTask, State next, Scope scope, Object state, Boolean isCompleted)
   at Microsoft.AspNetCore.Mvc.Infrastructure.ControllerActionInvoker.Rethrow(ActionExecutedContextSealed context)
   at Microsoft.AspNetCore.Mvc.Infrastructure.ControllerActionInvoker.Next(State& next, Scope& scope, Object& state, Boolean& isCompleted)
   at Microsoft.AspNetCore.Mvc.Infrastructure.ControllerActionInvoker.<InvokeInnerFilterAsync>g__Awaited|13_0(ControllerActionInvoker invoker, Task lastTask, State next, Scope scope, Object state, Boolean isCompleted)
   at Microsoft.AspNetCore.Mvc.Infrastructure.ResourceInvoker.<InvokeNextResourceFilter>g__Awaited|25_0(ResourceInvoker invoker, Task lastTask, State next, Scope scope, Object state, Boolean isCompleted)
   at Microsoft.AspNetCore.Mvc.Infrastructure.ResourceInvoker.Rethrow(ResourceExecutedContextSealed context)
   at Microsoft.AspNetCore.Mvc.Infrastructure.ResourceInvoker.Next(State& next, Scope& scope, Object& state, Boolean& isCompleted)
   at Microsoft.AspNetCore.Mvc.Infrastructure.ResourceInvoker.<InvokeFilterPipelineAsync>g__Awaited|20_0(ResourceInvoker invoker, Task lastTask, State next, Scope scope, Object state, Boolean isCompleted)
   at Microsoft.AspNetCore.Mvc.Infrastructure.ResourceInvoker.<InvokeAsync>g__Logged|17_1(ResourceInvoker invoker)
   at Microsoft.AspNetCore.Mvc.Infrastructure.ResourceInvoker.<InvokeAsync>g__Logged|17_1(ResourceInvoker invoker)
   at Microsoft.AspNetCore.Authorization.AuthorizationMiddleware.Invoke(HttpContext context)
   at Serilog.AspNetCore.RequestLoggingMiddleware.Invoke(HttpContext httpContext)
   at Reserva.Web.Middleware.ErrorHandlingMiddleware.Invoke(HttpContext context) in C:\Users\perez\Desktop\GitHub\ThousandSunny\Reserva.Web\Middleware\ErrorHandlingMiddleware.cs:line 23

2025-04-02 10:16:36.330 -06:00 [ERR] Failed executing DbCommand (27ms) [Parameters=[], CommandType='"Text"', CommandTimeout='30']
SELECT [r].[idReservacion], [r].[FechaLimite], [r].[FechaReserva], [r].[idCrucero], [r].[idDatosPago], [r].[idFecha], [r].[IdFechaNavigationIdFecha], [r].[idUsuario], [c].[idCrucero], [c].[CantidadDias], [c].[Descripcion], [c].[idBarco], [c].[Nombre], [f].[idFecha], [f].[FechaSalida], [f].[idCrucero], [d].[idDatosPago], [d].[idTipoPago], [d].[MontoPendiente], [d].[MontoPrima], [d].[MontoTotal], [s].[idDetalleRes], [s].[CantHuespedes], [s].[idHabitacion], [s].[idReservacion], [s].[idHabitacion0], [s].[Descripcion], [s].[HuespedesMax], [s].[HuespedesMin], [s].[Nombre], [s].[Tama?o], [s0].[idResCom], [s0].[Cantidad], [s0].[idComplemento], [s0].[idReservacion], [s0].[idComplemento0], [s0].[Descripcion], [s0].[Nombre], [s0].[Precio], [s0].[TipoAplicacion]
FROM [Reservacion] AS [r]
INNER JOIN [Crucero] AS [c] ON [r].[idCrucero] = [c].[idCrucero]
INNER JOIN [Fecha] AS [f] ON [r].[IdFechaNavigationIdFecha] = [f].[idFecha]
INNER JOIN [DatosPago] AS [d] ON [r].[idDatosPago] = [d].[idDatosPago]
LEFT JOIN (
    SELECT [d0].[idDetalleRes], [d0].[CantHuespedes], [d0].[idHabitacion], [d0].[idReservacion], [h].[idHabitacion] AS [idHabitacion0], [h].[Descripcion], [h].[HuespedesMax], [h].[HuespedesMin], [h].[Nombre], [h].[Tama?o]
    FROM [DetalleReservacion] AS [d0]
    INNER JOIN [Habitacion] AS [h] ON [d0].[idHabitacion] = [h].[idHabitacion]
) AS [s] ON [r].[idReservacion] = [s].[idReservacion]
LEFT JOIN (
    SELECT [r0].[idResCom], [r0].[Cantidad], [r0].[idComplemento], [r0].[idReservacion], [c0].[idComplemento] AS [idComplemento0], [c0].[Descripcion], [c0].[Nombre], [c0].[Precio], [c0].[TipoAplicacion]
    FROM [ReservaComplemento] AS [r0]
    INNER JOIN [Complemento] AS [c0] ON [r0].[idComplemento] = [c0].[idComplemento]
) AS [s0] ON [r].[idReservacion] = [s0].[idReservacion]
ORDER BY [r].[idReservacion], [c].[idCrucero], [f].[idFecha], [d].[idDatosPago], [s].[idDetalleRes], [s].[idHabitacion0], [s0].[idResCom]
2025-04-02 10:16:36.405 -06:00 [ERR] An exception occurred while iterating over the results of a query for context type 'Reserva.Infraestructure.Data.ThousandSunnyContext'.
Microsoft.Data.SqlClient.SqlException (0x80131904): Invalid column name 'IdFechaNavigationIdFecha'.
Invalid column name 'IdFechaNavigationIdFecha'.
   at Microsoft.Data.SqlClient.SqlCommand.<>c.<ExecuteDbDataReaderAsync>b__211_0(Task`1 result)
   at System.Threading.Tasks.ContinuationResultTaskFromResultTask`2.InnerInvoke()
   at System.Threading.ExecutionContext.RunInternal(ExecutionContext executionContext, ContextCallback callback, Object state)
--- End of stack trace from previous location ---
   at System.Threading.ExecutionContext.RunInternal(ExecutionContext executionContext, ContextCallback callback, Object state)
   at System.Threading.Tasks.Task.ExecuteWithThreadLocal(Task& currentTaskSlot, Thread threadPoolThread)
--- End of stack trace from previous location ---
   at Microsoft.EntityFrameworkCore.Storage.RelationalCommand.ExecuteReaderAsync(RelationalCommandParameterObject parameterObject, CancellationToken cancellationToken)
   at Microsoft.EntityFrameworkCore.Storage.RelationalCommand.ExecuteReaderAsync(RelationalCommandParameterObject parameterObject, CancellationToken cancellationToken)
   at Microsoft.EntityFrameworkCore.Query.Internal.SingleQueryingEnumerable`1.AsyncEnumerator.InitializeReaderAsync(AsyncEnumerator enumerator, CancellationToken cancellationToken)
   at Microsoft.EntityFrameworkCore.SqlServer.Storage.Internal.SqlServerExecutionStrategy.ExecuteAsync[TState,TResult](TState state, Func`4 operation, Func`4 verifySucceeded, CancellationToken cancellationToken)
   at Microsoft.EntityFrameworkCore.Query.Internal.SingleQueryingEnumerable`1.AsyncEnumerator.MoveNextAsync()
ClientConnectionId:ad495350-5466-4091-aa7e-2f5f9b4d6537
Error Number:207,State:1,Class:16
Microsoft.Data.SqlClient.SqlException (0x80131904): Invalid column name 'IdFechaNavigationIdFecha'.
Invalid column name 'IdFechaNavigationIdFecha'.
   at Microsoft.Data.SqlClient.SqlCommand.<>c.<ExecuteDbDataReaderAsync>b__211_0(Task`1 result)
   at System.Threading.Tasks.ContinuationResultTaskFromResultTask`2.InnerInvoke()
   at System.Threading.ExecutionContext.RunInternal(ExecutionContext executionContext, ContextCallback callback, Object state)
--- End of stack trace from previous location ---
   at System.Threading.ExecutionContext.RunInternal(ExecutionContext executionContext, ContextCallback callback, Object state)
   at System.Threading.Tasks.Task.ExecuteWithThreadLocal(Task& currentTaskSlot, Thread threadPoolThread)
--- End of stack trace from previous location ---
   at Microsoft.EntityFrameworkCore.Storage.RelationalCommand.ExecuteReaderAsync(RelationalCommandParameterObject parameterObject, CancellationToken cancellationToken)
   at Microsoft.EntityFrameworkCore.Storage.RelationalCommand.ExecuteReaderAsync(RelationalCommandParameterObject parameterObject, CancellationToken cancellationToken)
   at Microsoft.EntityFrameworkCore.Query.Internal.SingleQueryingEnumerable`1.AsyncEnumerator.InitializeReaderAsync(AsyncEnumerator enumerator, CancellationToken cancellationToken)
   at Microsoft.EntityFrameworkCore.SqlServer.Storage.Internal.SqlServerExecutionStrategy.ExecuteAsync[TState,TResult](TState state, Func`4 operation, Func`4 verifySucceeded, CancellationToken cancellationToken)
   at Microsoft.EntityFrameworkCore.Query.Internal.SingleQueryingEnumerable`1.AsyncEnumerator.MoveNextAsync()
ClientConnectionId:ad495350-5466-4091-aa7e-2f5f9b4d6537
Error Number:207,State:1,Class:16
2025-04-02 10:16:36.668 -06:00 [ERR] 
EventId    :2662-250402101636
ErrorList  :Invalid column name 'IdFechaNavigationIdFecha'.
Invalid column name 'IdFechaNavigationIdFecha'.
StackTrace :   at Microsoft.Data.SqlClient.SqlCommand.<>c.<ExecuteDbDataReaderAsync>b__211_0(Task`1 result)
   at System.Threading.Tasks.ContinuationResultTaskFromResultTask`2.InnerInvoke()
   at System.Threading.ExecutionContext.RunInternal(ExecutionContext executionContext, ContextCallback callback, Object state)
--- End of stack trace from previous location ---
   at System.Threading.ExecutionContext.RunInternal(ExecutionContext executionContext, ContextCallback callback, Object state)
   at System.Threading.Tasks.Task.ExecuteWithThreadLocal(Task& currentTaskSlot, Thread threadPoolThread)
--- End of stack trace from previous location ---
   at Microsoft.EntityFrameworkCore.Storage.RelationalCommand.ExecuteReaderAsync(RelationalCommandParameterObject parameterObject, CancellationToken cancellationToken)
   at Microsoft.EntityFrameworkCore.Storage.RelationalCommand.ExecuteReaderAsync(RelationalCommandParameterObject parameterObject, CancellationToken cancellationToken)
   at Microsoft.EntityFrameworkCore.Query.Internal.SingleQueryingEnumerable`1.AsyncEnumerator.InitializeReaderAsync(AsyncEnumerator enumerator, CancellationToken cancellationToken)
   at Microsoft.EntityFrameworkCore.SqlServer.Storage.Internal.SqlServerExecutionStrategy.ExecuteAsync[TState,TResult](TState state, Func`4 operation, Func`4 verifySucceeded, CancellationToken cancellationToken)
   at Microsoft.EntityFrameworkCore.Query.Internal.SingleQueryingEnumerable`1.AsyncEnumerator.MoveNextAsync()
   at Microsoft.EntityFrameworkCore.EntityFrameworkQueryableExtensions.ToListAsync[TSource](IQueryable`1 source, CancellationToken cancellationToken)
   at Microsoft.EntityFrameworkCore.EntityFrameworkQueryableExtensions.ToListAsync[TSource](IQueryable`1 source, CancellationToken cancellationToken)
   at Reserva.Infraestructure.Repository.Implementations.RepositoryReservacion.ListAsync() in C:\Users\perez\Desktop\GitHub\ThousandSunny\Reserva.Infraestructure\Repository\Implementations\RepositoryReservacion.cs:line 39
   at Reserva.Application.Services.Implementations.ServiceReservacion.ListAsync() in C:\Users\perez\Desktop\GitHub\ThousandSunny\Reserva.Application\Services\Implementations\ServiceReservacion.cs:line 32
   at Reserva.Web.Controllers.ReservacionController.Index() in C:\Users\perez\Desktop\GitHub\ThousandSunny\Reserva.Web\Controllers\ReservacionController.cs:line 19
   at Microsoft.AspNetCore.Mvc.Infrastructure.ActionMethodExecutor.TaskOfIActionResultExecutor.Execute(ActionContext actionContext, IActionResultTypeMapper mapper, ObjectMethodExecutor executor, Object controller, Object[] arguments)
   at Microsoft.AspNetCore.Mvc.Infrastructure.ControllerActionInvoker.<InvokeActionMethodAsync>g__Logged|12_1(ControllerActionInvoker invoker)
   at Microsoft.AspNetCore.Mvc.Infrastructure.ControllerActionInvoker.<InvokeNextActionFilterAsync>g__Awaited|10_0(ControllerActionInvoker invoker, Task lastTask, State next, Scope scope, Object state, Boolean isCompleted)
   at Microsoft.AspNetCore.Mvc.Infrastructure.ControllerActionInvoker.Rethrow(ActionExecutedContextSealed context)
   at Microsoft.AspNetCore.Mvc.Infrastructure.ControllerActionInvoker.Next(State& next, Scope& scope, Object& state, Boolean& isCompleted)
   at Microsoft.AspNetCore.Mvc.Infrastructure.ControllerActionInvoker.<InvokeInnerFilterAsync>g__Awaited|13_0(ControllerActionInvoker invoker, Task lastTask, State next, Scope scope, Object state, Boolean isCompleted)
   at Microsoft.AspNetCore.Mvc.Infrastructure.ResourceInvoker.<InvokeNextResourceFilter>g__Awaited|25_0(ResourceInvoker invoker, Task lastTask, State next, Scope scope, Object state, Boolean isCompleted)
   at Microsoft.AspNetCore.Mvc.Infrastructure.ResourceInvoker.Rethrow(ResourceExecutedContextSealed context)
   at Microsoft.AspNetCore.Mvc.Infrastructure.ResourceInvoker.Next(State& next, Scope& scope, Object& state, Boolean& isCompleted)
   at Microsoft.AspNetCore.Mvc.Infrastructure.ResourceInvoker.<InvokeFilterPipelineAsync>g__Awaited|20_0(ResourceInvoker invoker, Task lastTask, State next, Scope scope, Object state, Boolean isCompleted)
   at Microsoft.AspNetCore.Mvc.Infrastructure.ResourceInvoker.<InvokeAsync>g__Logged|17_1(ResourceInvoker invoker)
   at Microsoft.AspNetCore.Mvc.Infrastructure.ResourceInvoker.<InvokeAsync>g__Logged|17_1(ResourceInvoker invoker)
   at Microsoft.AspNetCore.Authorization.AuthorizationMiddleware.Invoke(HttpContext context)
   at Serilog.AspNetCore.RequestLoggingMiddleware.Invoke(HttpContext httpContext)
   at Reserva.Web.Middleware.ErrorHandlingMiddleware.Invoke(HttpContext context) in C:\Users\perez\Desktop\GitHub\ThousandSunny\Reserva.Web\Middleware\ErrorHandlingMiddleware.cs:line 23

2025-04-02 10:29:36.160 -06:00 [ERR] An exception occurred while iterating over the results of a query for context type 'Reserva.Infraestructure.Data.ThousandSunnyContext'.
System.InvalidCastException: Unable to cast object of type 'System.DateTime' to type 'System.DateOnly'.
   at Microsoft.Data.SqlClient.SqlBuffer.get_DateOnly()
   at Microsoft.Data.SqlClient.SqlDataReader.GetFieldValueFromSqlBufferInternal[T](SqlBuffer data, _SqlMetaData metaData, Boolean isAsync)
   at Microsoft.Data.SqlClient.SqlDataReader.GetFieldValueInternal[T](Int32 i, Boolean isAsync)
   at Microsoft.Data.SqlClient.SqlDataReader.GetFieldValue[T](Int32 i)
   at lambda_method203(Closure, QueryContext, DbDataReader, ResultContext, SingleQueryResultCoordinator)
   at Microsoft.EntityFrameworkCore.Query.Internal.SingleQueryingEnumerable`1.AsyncEnumerator.MoveNextAsync()
System.InvalidCastException: Unable to cast object of type 'System.DateTime' to type 'System.DateOnly'.
   at Microsoft.Data.SqlClient.SqlBuffer.get_DateOnly()
   at Microsoft.Data.SqlClient.SqlDataReader.GetFieldValueFromSqlBufferInternal[T](SqlBuffer data, _SqlMetaData metaData, Boolean isAsync)
   at Microsoft.Data.SqlClient.SqlDataReader.GetFieldValueInternal[T](Int32 i, Boolean isAsync)
   at Microsoft.Data.SqlClient.SqlDataReader.GetFieldValue[T](Int32 i)
   at lambda_method203(Closure, QueryContext, DbDataReader, ResultContext, SingleQueryResultCoordinator)
   at Microsoft.EntityFrameworkCore.Query.Internal.SingleQueryingEnumerable`1.AsyncEnumerator.MoveNextAsync()
2025-04-02 10:29:36.468 -06:00 [ERR] 
EventId    :1666-250402102936
ErrorList  :Unable to cast object of type 'System.DateTime' to type 'System.DateOnly'.
StackTrace :   at Microsoft.Data.SqlClient.SqlBuffer.get_DateOnly()
   at Microsoft.Data.SqlClient.SqlDataReader.GetFieldValueFromSqlBufferInternal[T](SqlBuffer data, _SqlMetaData metaData, Boolean isAsync)
   at Microsoft.Data.SqlClient.SqlDataReader.GetFieldValueInternal[T](Int32 i, Boolean isAsync)
   at Microsoft.Data.SqlClient.SqlDataReader.GetFieldValue[T](Int32 i)
   at lambda_method203(Closure, QueryContext, DbDataReader, ResultContext, SingleQueryResultCoordinator)
   at Microsoft.EntityFrameworkCore.Query.Internal.SingleQueryingEnumerable`1.AsyncEnumerator.MoveNextAsync()
   at Microsoft.EntityFrameworkCore.EntityFrameworkQueryableExtensions.ToListAsync[TSource](IQueryable`1 source, CancellationToken cancellationToken)
   at Microsoft.EntityFrameworkCore.EntityFrameworkQueryableExtensions.ToListAsync[TSource](IQueryable`1 source, CancellationToken cancellationToken)
   at Reserva.Infraestructure.Repository.Implementations.RepositoryReservacion.ListAsync() in C:\Users\perez\Desktop\GitHub\ThousandSunny\Reserva.Infraestructure\Repository\Implementations\RepositoryReservacion.cs:line 39
   at Reserva.Application.Services.Implementations.ServiceReservacion.ListAsync() in C:\Users\perez\Desktop\GitHub\ThousandSunny\Reserva.Application\Services\Implementations\ServiceReservacion.cs:line 32
   at Reserva.Web.Controllers.ReservacionController.Index() in C:\Users\perez\Desktop\GitHub\ThousandSunny\Reserva.Web\Controllers\ReservacionController.cs:line 19
   at Microsoft.AspNetCore.Mvc.Infrastructure.ActionMethodExecutor.TaskOfIActionResultExecutor.Execute(ActionContext actionContext, IActionResultTypeMapper mapper, ObjectMethodExecutor executor, Object controller, Object[] arguments)
   at Microsoft.AspNetCore.Mvc.Infrastructure.ControllerActionInvoker.<InvokeActionMethodAsync>g__Logged|12_1(ControllerActionInvoker invoker)
   at Microsoft.AspNetCore.Mvc.Infrastructure.ControllerActionInvoker.<InvokeNextActionFilterAsync>g__Awaited|10_0(ControllerActionInvoker invoker, Task lastTask, State next, Scope scope, Object state, Boolean isCompleted)
   at Microsoft.AspNetCore.Mvc.Infrastructure.ControllerActionInvoker.Rethrow(ActionExecutedContextSealed context)
   at Microsoft.AspNetCore.Mvc.Infrastructure.ControllerActionInvoker.Next(State& next, Scope& scope, Object& state, Boolean& isCompleted)
   at Microsoft.AspNetCore.Mvc.Infrastructure.ControllerActionInvoker.<InvokeInnerFilterAsync>g__Awaited|13_0(ControllerActionInvoker invoker, Task lastTask, State next, Scope scope, Object state, Boolean isCompleted)
   at Microsoft.AspNetCore.Mvc.Infrastructure.ResourceInvoker.<InvokeNextResourceFilter>g__Awaited|25_0(ResourceInvoker invoker, Task lastTask, State next, Scope scope, Object state, Boolean isCompleted)
   at Microsoft.AspNetCore.Mvc.Infrastructure.ResourceInvoker.Rethrow(ResourceExecutedContextSealed context)
   at Microsoft.AspNetCore.Mvc.Infrastructure.ResourceInvoker.Next(State& next, Scope& scope, Object& state, Boolean& isCompleted)
   at Microsoft.AspNetCore.Mvc.Infrastructure.ResourceInvoker.<InvokeFilterPipelineAsync>g__Awaited|20_0(ResourceInvoker invoker, Task lastTask, State next, Scope scope, Object state, Boolean isCompleted)
   at Microsoft.AspNetCore.Mvc.Infrastructure.ResourceInvoker.<InvokeAsync>g__Logged|17_1(ResourceInvoker invoker)
   at Microsoft.AspNetCore.Mvc.Infrastructure.ResourceInvoker.<InvokeAsync>g__Logged|17_1(ResourceInvoker invoker)
   at Microsoft.AspNetCore.Authorization.AuthorizationMiddleware.Invoke(HttpContext context)
   at Serilog.AspNetCore.RequestLoggingMiddleware.Invoke(HttpContext httpContext)
   at Reserva.Web.Middleware.ErrorHandlingMiddleware.Invoke(HttpContext context) in C:\Users\perez\Desktop\GitHub\ThousandSunny\Reserva.Web\Middleware\ErrorHandlingMiddleware.cs:line 23

