2025-02-24 11:29:18.388 -06:00 [ERR] 
EventId    :455-250224112918
ErrorList  :Error mapping types.

Mapping types:
List`1 -> ICollection`1
System.Collections.Generic.List`1[[Reserva.Infraestructure.Models.Reservacion, Reserva.Infraestructure, Version=1.0.0.0, Culture=neutral, PublicKeyToken=null]] -> System.Collections.Generic.ICollection`1[[Reserva.Application.DTOs.ReservacionDTO, Reserva.Application, Version=1.0.0.0, Culture=neutral, PublicKeyToken=null]]
StackTrace :   at lambda_method116(Closure, Object, ICollection`1, ResolutionContext)
   at Reserva.Application.Services.Implementations.ServiceReservacion.ListAsync() in C:\Users\John\Downloads\Ambiente Web II\Github\ThousandSunny\Reserva.Application\Services\Implementations\ServiceReservacion.cs:line 33
   at Reserva.Web.Controllers.ReservacionController.Index() in C:\Users\John\Downloads\Ambiente Web II\Github\ThousandSunny\Reserva.Web\Controllers\ReservacionController.cs:line 19
   at Microsoft.AspNetCore.Mvc.Infrastructure.ActionMethodExecutor.TaskOfIActionResultExecutor.Execute(ActionContext actionContext, IActionResultTypeMapper mapper, ObjectMethodExecutor executor, Object controller, Object[] arguments)
   at Microsoft.AspNetCore.Mvc.Infrastructure.ControllerActionInvoker.<InvokeActionMethodAsync>g__Logged|12_1(ControllerActionInvoker invoker)
   at Microsoft.AspNetCore.Mvc.Infrastructure.ControllerActionInvoker.<InvokeNextActionFilterAsync>g__Awaited|10_0(ControllerActionInvoker invoker, Task lastTask, State next, Scope scope, Object state, Boolean isCompleted)
   at Microsoft.AspNetCore.Mvc.Infrastructure.ControllerActionInvoker.Rethrow(ActionExecutedContextSealed context)
   at Microsoft.AspNetCore.Mvc.Infrastructure.ControllerActionInvoker.Next(State& next, Scope& scope, Object& state, Boolean& isCompleted)
   at Microsoft.AspNetCore.Mvc.Infrastructure.ControllerActionInvoker.<InvokeInnerFilterAsync>g__Awaited|13_0(ControllerActionInvoker invoker, Task lastTask, State next, Scope scope, Object state, Boolean isCompleted)
   at Microsoft.AspNetCore.Mvc.Infrastructure.ResourceInvoker.<InvokeNextResourceFilter>g__Awaited|25_0(ResourceInvoker invoker, Task lastTask, State next, Scope scope, Object state, Boolean isCompleted)
   at Microsoft.AspNetCore.Mvc.Infrastructure.ResourceInvoker.Rethrow(ResourceExecutedContextSealed context)
   at Microsoft.AspNetCore.Mvc.Infrastructure.ResourceInvoker.Next(State& next, Scope& scope, Object& state, Boolean& isCompleted)
   at Microsoft.AspNetCore.Mvc.Infrastructure.ResourceInvoker.<InvokeFilterPipelineAsync>g__Awaited|20_0(ResourceInvoker invoker, Task lastTask, State next, Scope scope, Object state, Boolean isCompleted)
   at Microsoft.AspNetCore.Mvc.Infrastructure.ResourceInvoker.<InvokeAsync>g__Logged|17_1(ResourceInvoker invoker)
   at Microsoft.AspNetCore.Mvc.Infrastructure.ResourceInvoker.<InvokeAsync>g__Logged|17_1(ResourceInvoker invoker)
   at Microsoft.AspNetCore.Authorization.AuthorizationMiddleware.Invoke(HttpContext context)
   at Serilog.AspNetCore.RequestLoggingMiddleware.Invoke(HttpContext httpContext)
   at Reserva.Web.Middleware.ErrorHandlingMiddleware.Invoke(HttpContext context) in C:\Users\John\Downloads\Ambiente Web II\Github\ThousandSunny\Reserva.Web\Middleware\ErrorHandlingMiddleware.cs:line 23

2025-02-24 11:31:07.836 -06:00 [ERR] 
EventId    :3045-250224113107
ErrorList  :Error mapping types.

Mapping types:
List`1 -> ICollection`1
System.Collections.Generic.List`1[[Reserva.Infraestructure.Models.Reservacion, Reserva.Infraestructure, Version=1.0.0.0, Culture=neutral, PublicKeyToken=null]] -> System.Collections.Generic.ICollection`1[[Reserva.Application.DTOs.ReservacionDTO, Reserva.Application, Version=1.0.0.0, Culture=neutral, PublicKeyToken=null]]
StackTrace :   at lambda_method116(Closure, Object, ICollection`1, ResolutionContext)
   at Reserva.Application.Services.Implementations.ServiceReservacion.ListAsync() in C:\Users\John\Downloads\Ambiente Web II\Github\ThousandSunny\Reserva.Application\Services\Implementations\ServiceReservacion.cs:line 33
   at Reserva.Web.Controllers.ReservacionController.Index() in C:\Users\John\Downloads\Ambiente Web II\Github\ThousandSunny\Reserva.Web\Controllers\ReservacionController.cs:line 19
   at Microsoft.AspNetCore.Mvc.Infrastructure.ActionMethodExecutor.TaskOfIActionResultExecutor.Execute(ActionContext actionContext, IActionResultTypeMapper mapper, ObjectMethodExecutor executor, Object controller, Object[] arguments)
   at Microsoft.AspNetCore.Mvc.Infrastructure.ControllerActionInvoker.<InvokeActionMethodAsync>g__Logged|12_1(ControllerActionInvoker invoker)
   at Microsoft.AspNetCore.Mvc.Infrastructure.ControllerActionInvoker.<InvokeNextActionFilterAsync>g__Awaited|10_0(ControllerActionInvoker invoker, Task lastTask, State next, Scope scope, Object state, Boolean isCompleted)
   at Microsoft.AspNetCore.Mvc.Infrastructure.ControllerActionInvoker.Rethrow(ActionExecutedContextSealed context)
   at Microsoft.AspNetCore.Mvc.Infrastructure.ControllerActionInvoker.Next(State& next, Scope& scope, Object& state, Boolean& isCompleted)
   at Microsoft.AspNetCore.Mvc.Infrastructure.ControllerActionInvoker.<InvokeInnerFilterAsync>g__Awaited|13_0(ControllerActionInvoker invoker, Task lastTask, State next, Scope scope, Object state, Boolean isCompleted)
   at Microsoft.AspNetCore.Mvc.Infrastructure.ResourceInvoker.<InvokeNextResourceFilter>g__Awaited|25_0(ResourceInvoker invoker, Task lastTask, State next, Scope scope, Object state, Boolean isCompleted)
   at Microsoft.AspNetCore.Mvc.Infrastructure.ResourceInvoker.Rethrow(ResourceExecutedContextSealed context)
   at Microsoft.AspNetCore.Mvc.Infrastructure.ResourceInvoker.Next(State& next, Scope& scope, Object& state, Boolean& isCompleted)
   at Microsoft.AspNetCore.Mvc.Infrastructure.ResourceInvoker.<InvokeFilterPipelineAsync>g__Awaited|20_0(ResourceInvoker invoker, Task lastTask, State next, Scope scope, Object state, Boolean isCompleted)
   at Microsoft.AspNetCore.Mvc.Infrastructure.ResourceInvoker.<InvokeAsync>g__Logged|17_1(ResourceInvoker invoker)
   at Microsoft.AspNetCore.Mvc.Infrastructure.ResourceInvoker.<InvokeAsync>g__Logged|17_1(ResourceInvoker invoker)
   at Microsoft.AspNetCore.Authorization.AuthorizationMiddleware.Invoke(HttpContext context)
   at Serilog.AspNetCore.RequestLoggingMiddleware.Invoke(HttpContext httpContext)
   at Reserva.Web.Middleware.ErrorHandlingMiddleware.Invoke(HttpContext context) in C:\Users\John\Downloads\Ambiente Web II\Github\ThousandSunny\Reserva.Web\Middleware\ErrorHandlingMiddleware.cs:line 23

2025-02-24 11:40:24.392 -06:00 [ERR] 
EventId    :2134-250224114024
ErrorList  :Error mapping types.

Mapping types:
List`1 -> ICollection`1
System.Collections.Generic.List`1[[Reserva.Infraestructure.Models.Reservacion, Reserva.Infraestructure, Version=1.0.0.0, Culture=neutral, PublicKeyToken=null]] -> System.Collections.Generic.ICollection`1[[Reserva.Application.DTOs.ReservacionDTO, Reserva.Application, Version=1.0.0.0, Culture=neutral, PublicKeyToken=null]]
StackTrace :   at lambda_method116(Closure, Object, ICollection`1, ResolutionContext)
   at Reserva.Application.Services.Implementations.ServiceReservacion.ListAsync() in C:\Users\John\Downloads\Ambiente Web II\Github\ThousandSunny\Reserva.Application\Services\Implementations\ServiceReservacion.cs:line 33
   at Reserva.Web.Controllers.ReservacionController.Index() in C:\Users\John\Downloads\Ambiente Web II\Github\ThousandSunny\Reserva.Web\Controllers\ReservacionController.cs:line 19
   at Microsoft.AspNetCore.Mvc.Infrastructure.ActionMethodExecutor.TaskOfIActionResultExecutor.Execute(ActionContext actionContext, IActionResultTypeMapper mapper, ObjectMethodExecutor executor, Object controller, Object[] arguments)
   at Microsoft.AspNetCore.Mvc.Infrastructure.ControllerActionInvoker.<InvokeActionMethodAsync>g__Logged|12_1(ControllerActionInvoker invoker)
   at Microsoft.AspNetCore.Mvc.Infrastructure.ControllerActionInvoker.<InvokeNextActionFilterAsync>g__Awaited|10_0(ControllerActionInvoker invoker, Task lastTask, State next, Scope scope, Object state, Boolean isCompleted)
   at Microsoft.AspNetCore.Mvc.Infrastructure.ControllerActionInvoker.Rethrow(ActionExecutedContextSealed context)
   at Microsoft.AspNetCore.Mvc.Infrastructure.ControllerActionInvoker.Next(State& next, Scope& scope, Object& state, Boolean& isCompleted)
   at Microsoft.AspNetCore.Mvc.Infrastructure.ControllerActionInvoker.<InvokeInnerFilterAsync>g__Awaited|13_0(ControllerActionInvoker invoker, Task lastTask, State next, Scope scope, Object state, Boolean isCompleted)
   at Microsoft.AspNetCore.Mvc.Infrastructure.ResourceInvoker.<InvokeNextResourceFilter>g__Awaited|25_0(ResourceInvoker invoker, Task lastTask, State next, Scope scope, Object state, Boolean isCompleted)
   at Microsoft.AspNetCore.Mvc.Infrastructure.ResourceInvoker.Rethrow(ResourceExecutedContextSealed context)
   at Microsoft.AspNetCore.Mvc.Infrastructure.ResourceInvoker.Next(State& next, Scope& scope, Object& state, Boolean& isCompleted)
   at Microsoft.AspNetCore.Mvc.Infrastructure.ResourceInvoker.<InvokeFilterPipelineAsync>g__Awaited|20_0(ResourceInvoker invoker, Task lastTask, State next, Scope scope, Object state, Boolean isCompleted)
   at Microsoft.AspNetCore.Mvc.Infrastructure.ResourceInvoker.<InvokeAsync>g__Logged|17_1(ResourceInvoker invoker)
   at Microsoft.AspNetCore.Mvc.Infrastructure.ResourceInvoker.<InvokeAsync>g__Logged|17_1(ResourceInvoker invoker)
   at Microsoft.AspNetCore.Authorization.AuthorizationMiddleware.Invoke(HttpContext context)
   at Serilog.AspNetCore.RequestLoggingMiddleware.Invoke(HttpContext httpContext)
   at Reserva.Web.Middleware.ErrorHandlingMiddleware.Invoke(HttpContext context) in C:\Users\John\Downloads\Ambiente Web II\Github\ThousandSunny\Reserva.Web\Middleware\ErrorHandlingMiddleware.cs:line 23

2025-02-24 14:10:06.443 -06:00 [ERR] Failed executing DbCommand (6ms) [Parameters=[], CommandType='"Text"', CommandTimeout='30']
SELECT [r].[idReservacion], [r].[FechaLimite], [r].[FechaReserva], [r].[idCrucero], [r].[idDatosPago], [r].[idFecha], [r].[IdFechaNavigationIdFecha], [r].[idUsuario], [c].[idCrucero], [c].[CantidadDias], [c].[Descripcion], [c].[idBarco], [c].[Nombre], [f].[idFecha], [f].[FechaSalida], [f].[idCrucero], [d].[idDatosPago], [d].[idTipoPago], [d].[MontoPendiente], [d].[MontoPrima], [d].[MontoTotal], [s].[idDetalleRes], [s].[CantHuespedes], [s].[idHabitacion], [s].[idReservacion], [s].[idHabitacion0], [s].[Descripcion], [s].[HuespedesMax], [s].[HuespedesMin], [s].[Nombre], [s].[Tama?o], [s0].[idResCom], [s0].[Cantidad], [s0].[idComplemento], [s0].[idReservacion], [s0].[idComplemento0], [s0].[Descripcion], [s0].[Nombre], [s0].[Precio], [s0].[TipoAplicacion]
FROM [Reservacion] AS [r]
INNER JOIN [Crucero] AS [c] ON [r].[idCrucero] = [c].[idCrucero]
INNER JOIN [Fecha] AS [f] ON [r].[IdFechaNavigationIdFecha] = [f].[idFecha]
INNER JOIN [DatosPago] AS [d] ON [r].[idDatosPago] = [d].[idDatosPago]
LEFT JOIN (
    SELECT [d0].[idDetalleRes], [d0].[CantHuespedes], [d0].[idHabitacion], [d0].[idReservacion], [h].[idHabitacion] AS [idHabitacion0], [h].[Descripcion], [h].[HuespedesMax], [h].[HuespedesMin], [h].[Nombre], [h].[Tama?o]
    FROM [DetalleReservacion] AS [d0]
    INNER JOIN [Habitacion] AS [h] ON [d0].[idHabitacion] = [h].[idHabitacion]
) AS [s] ON [r].[idReservacion] = [s].[idReservacion]
LEFT JOIN (
    SELECT [r0].[idResCom], [r0].[Cantidad], [r0].[idComplemento], [r0].[idReservacion], [c0].[idComplemento] AS [idComplemento0], [c0].[Descripcion], [c0].[Nombre], [c0].[Precio], [c0].[TipoAplicacion]
    FROM [ReservaComplemento] AS [r0]
    INNER JOIN [Complemento] AS [c0] ON [r0].[idComplemento] = [c0].[idComplemento]
) AS [s0] ON [r].[idReservacion] = [s0].[idReservacion]
ORDER BY [r].[idReservacion], [c].[idCrucero], [f].[idFecha], [d].[idDatosPago], [s].[idDetalleRes], [s].[idHabitacion0], [s0].[idResCom]
2025-02-24 14:10:06.512 -06:00 [ERR] An exception occurred while iterating over the results of a query for context type 'Reserva.Infraestructure.Data.ThousandSunnyContext'.
Microsoft.Data.SqlClient.SqlException (0x80131904): Invalid column name 'IdFechaNavigationIdFecha'.
Invalid column name 'IdFechaNavigationIdFecha'.
   at Microsoft.Data.SqlClient.SqlCommand.<>c.<ExecuteDbDataReaderAsync>b__211_0(Task`1 result)
   at System.Threading.Tasks.ContinuationResultTaskFromResultTask`2.InnerInvoke()
   at System.Threading.ExecutionContext.RunInternal(ExecutionContext executionContext, ContextCallback callback, Object state)
--- End of stack trace from previous location ---
   at System.Threading.ExecutionContext.RunInternal(ExecutionContext executionContext, ContextCallback callback, Object state)
   at System.Threading.Tasks.Task.ExecuteWithThreadLocal(Task& currentTaskSlot, Thread threadPoolThread)
--- End of stack trace from previous location ---
   at Microsoft.EntityFrameworkCore.Storage.RelationalCommand.ExecuteReaderAsync(RelationalCommandParameterObject parameterObject, CancellationToken cancellationToken)
   at Microsoft.EntityFrameworkCore.Storage.RelationalCommand.ExecuteReaderAsync(RelationalCommandParameterObject parameterObject, CancellationToken cancellationToken)
   at Microsoft.EntityFrameworkCore.Query.Internal.SingleQueryingEnumerable`1.AsyncEnumerator.InitializeReaderAsync(AsyncEnumerator enumerator, CancellationToken cancellationToken)
   at Microsoft.EntityFrameworkCore.SqlServer.Storage.Internal.SqlServerExecutionStrategy.ExecuteAsync[TState,TResult](TState state, Func`4 operation, Func`4 verifySucceeded, CancellationToken cancellationToken)
   at Microsoft.EntityFrameworkCore.Query.Internal.SingleQueryingEnumerable`1.AsyncEnumerator.MoveNextAsync()
ClientConnectionId:842616cd-75e9-46e6-a72a-8f8071c6dd12
Error Number:207,State:1,Class:16
Microsoft.Data.SqlClient.SqlException (0x80131904): Invalid column name 'IdFechaNavigationIdFecha'.
Invalid column name 'IdFechaNavigationIdFecha'.
   at Microsoft.Data.SqlClient.SqlCommand.<>c.<ExecuteDbDataReaderAsync>b__211_0(Task`1 result)
   at System.Threading.Tasks.ContinuationResultTaskFromResultTask`2.InnerInvoke()
   at System.Threading.ExecutionContext.RunInternal(ExecutionContext executionContext, ContextCallback callback, Object state)
--- End of stack trace from previous location ---
   at System.Threading.ExecutionContext.RunInternal(ExecutionContext executionContext, ContextCallback callback, Object state)
   at System.Threading.Tasks.Task.ExecuteWithThreadLocal(Task& currentTaskSlot, Thread threadPoolThread)
--- End of stack trace from previous location ---
   at Microsoft.EntityFrameworkCore.Storage.RelationalCommand.ExecuteReaderAsync(RelationalCommandParameterObject parameterObject, CancellationToken cancellationToken)
   at Microsoft.EntityFrameworkCore.Storage.RelationalCommand.ExecuteReaderAsync(RelationalCommandParameterObject parameterObject, CancellationToken cancellationToken)
   at Microsoft.EntityFrameworkCore.Query.Internal.SingleQueryingEnumerable`1.AsyncEnumerator.InitializeReaderAsync(AsyncEnumerator enumerator, CancellationToken cancellationToken)
   at Microsoft.EntityFrameworkCore.SqlServer.Storage.Internal.SqlServerExecutionStrategy.ExecuteAsync[TState,TResult](TState state, Func`4 operation, Func`4 verifySucceeded, CancellationToken cancellationToken)
   at Microsoft.EntityFrameworkCore.Query.Internal.SingleQueryingEnumerable`1.AsyncEnumerator.MoveNextAsync()
ClientConnectionId:842616cd-75e9-46e6-a72a-8f8071c6dd12
Error Number:207,State:1,Class:16
2025-02-24 14:10:06.782 -06:00 [ERR] 
EventId    :4203-250224021006
ErrorList  :Invalid column name 'IdFechaNavigationIdFecha'.
Invalid column name 'IdFechaNavigationIdFecha'.
StackTrace :   at Microsoft.Data.SqlClient.SqlCommand.<>c.<ExecuteDbDataReaderAsync>b__211_0(Task`1 result)
   at System.Threading.Tasks.ContinuationResultTaskFromResultTask`2.InnerInvoke()
   at System.Threading.ExecutionContext.RunInternal(ExecutionContext executionContext, ContextCallback callback, Object state)
--- End of stack trace from previous location ---
   at System.Threading.ExecutionContext.RunInternal(ExecutionContext executionContext, ContextCallback callback, Object state)
   at System.Threading.Tasks.Task.ExecuteWithThreadLocal(Task& currentTaskSlot, Thread threadPoolThread)
--- End of stack trace from previous location ---
   at Microsoft.EntityFrameworkCore.Storage.RelationalCommand.ExecuteReaderAsync(RelationalCommandParameterObject parameterObject, CancellationToken cancellationToken)
   at Microsoft.EntityFrameworkCore.Storage.RelationalCommand.ExecuteReaderAsync(RelationalCommandParameterObject parameterObject, CancellationToken cancellationToken)
   at Microsoft.EntityFrameworkCore.Query.Internal.SingleQueryingEnumerable`1.AsyncEnumerator.InitializeReaderAsync(AsyncEnumerator enumerator, CancellationToken cancellationToken)
   at Microsoft.EntityFrameworkCore.SqlServer.Storage.Internal.SqlServerExecutionStrategy.ExecuteAsync[TState,TResult](TState state, Func`4 operation, Func`4 verifySucceeded, CancellationToken cancellationToken)
   at Microsoft.EntityFrameworkCore.Query.Internal.SingleQueryingEnumerable`1.AsyncEnumerator.MoveNextAsync()
   at Microsoft.EntityFrameworkCore.EntityFrameworkQueryableExtensions.ToListAsync[TSource](IQueryable`1 source, CancellationToken cancellationToken)
   at Microsoft.EntityFrameworkCore.EntityFrameworkQueryableExtensions.ToListAsync[TSource](IQueryable`1 source, CancellationToken cancellationToken)
   at Reserva.Infraestructure.Repository.Implementations.RepositoryReservacion.ListAsync() in C:\Users\perez\Desktop\GitHub\ThousandSunny\Reserva.Infraestructure\Repository\Implementations\RepositoryReservacion.cs:line 34
   at Reserva.Application.Services.Implementations.ServiceReservacion.ListAsync() in C:\Users\perez\Desktop\GitHub\ThousandSunny\Reserva.Application\Services\Implementations\ServiceReservacion.cs:line 32
   at Reserva.Web.Controllers.ReservacionController.Index() in C:\Users\perez\Desktop\GitHub\ThousandSunny\Reserva.Web\Controllers\ReservacionController.cs:line 19
   at Microsoft.AspNetCore.Mvc.Infrastructure.ActionMethodExecutor.TaskOfIActionResultExecutor.Execute(ActionContext actionContext, IActionResultTypeMapper mapper, ObjectMethodExecutor executor, Object controller, Object[] arguments)
   at Microsoft.AspNetCore.Mvc.Infrastructure.ControllerActionInvoker.<InvokeActionMethodAsync>g__Logged|12_1(ControllerActionInvoker invoker)
   at Microsoft.AspNetCore.Mvc.Infrastructure.ControllerActionInvoker.<InvokeNextActionFilterAsync>g__Awaited|10_0(ControllerActionInvoker invoker, Task lastTask, State next, Scope scope, Object state, Boolean isCompleted)
   at Microsoft.AspNetCore.Mvc.Infrastructure.ControllerActionInvoker.Rethrow(ActionExecutedContextSealed context)
   at Microsoft.AspNetCore.Mvc.Infrastructure.ControllerActionInvoker.Next(State& next, Scope& scope, Object& state, Boolean& isCompleted)
   at Microsoft.AspNetCore.Mvc.Infrastructure.ControllerActionInvoker.<InvokeInnerFilterAsync>g__Awaited|13_0(ControllerActionInvoker invoker, Task lastTask, State next, Scope scope, Object state, Boolean isCompleted)
   at Microsoft.AspNetCore.Mvc.Infrastructure.ResourceInvoker.<InvokeNextResourceFilter>g__Awaited|25_0(ResourceInvoker invoker, Task lastTask, State next, Scope scope, Object state, Boolean isCompleted)
   at Microsoft.AspNetCore.Mvc.Infrastructure.ResourceInvoker.Rethrow(ResourceExecutedContextSealed context)
   at Microsoft.AspNetCore.Mvc.Infrastructure.ResourceInvoker.Next(State& next, Scope& scope, Object& state, Boolean& isCompleted)
   at Microsoft.AspNetCore.Mvc.Infrastructure.ResourceInvoker.<InvokeFilterPipelineAsync>g__Awaited|20_0(ResourceInvoker invoker, Task lastTask, State next, Scope scope, Object state, Boolean isCompleted)
   at Microsoft.AspNetCore.Mvc.Infrastructure.ResourceInvoker.<InvokeAsync>g__Logged|17_1(ResourceInvoker invoker)
   at Microsoft.AspNetCore.Mvc.Infrastructure.ResourceInvoker.<InvokeAsync>g__Logged|17_1(ResourceInvoker invoker)
   at Microsoft.AspNetCore.Authorization.AuthorizationMiddleware.Invoke(HttpContext context)
   at Serilog.AspNetCore.RequestLoggingMiddleware.Invoke(HttpContext httpContext)
   at Reserva.Web.Middleware.ErrorHandlingMiddleware.Invoke(HttpContext context) in C:\Users\perez\Desktop\GitHub\ThousandSunny\Reserva.Web\Middleware\ErrorHandlingMiddleware.cs:line 23

2025-02-24 14:17:07.419 -06:00 [ERR] Failed executing DbCommand (7ms) [Parameters=[], CommandType='"Text"', CommandTimeout='30']
SELECT [r].[idReservacion], [r].[FechaLimite], [r].[FechaReserva], [r].[idCrucero], [r].[idDatosPago], [r].[idFecha], [r].[IdFechaNavigationIdFecha], [r].[idUsuario], [c].[idCrucero], [c].[CantidadDias], [c].[Descripcion], [c].[idBarco], [c].[Nombre], [f].[idFecha], [f].[FechaSalida], [f].[idCrucero], [d].[idDatosPago], [d].[idTipoPago], [d].[MontoPendiente], [d].[MontoPrima], [d].[MontoTotal], [s].[idDetalleRes], [s].[CantHuespedes], [s].[idHabitacion], [s].[idReservacion], [s].[idHabitacion0], [s].[Descripcion], [s].[HuespedesMax], [s].[HuespedesMin], [s].[Nombre], [s].[Tama?o], [s0].[idResCom], [s0].[Cantidad], [s0].[idComplemento], [s0].[idReservacion], [s0].[idComplemento0], [s0].[Descripcion], [s0].[Nombre], [s0].[Precio], [s0].[TipoAplicacion]
FROM [Reservacion] AS [r]
INNER JOIN [Crucero] AS [c] ON [r].[idCrucero] = [c].[idCrucero]
INNER JOIN [Fecha] AS [f] ON [r].[IdFechaNavigationIdFecha] = [f].[idFecha]
INNER JOIN [DatosPago] AS [d] ON [r].[idDatosPago] = [d].[idDatosPago]
LEFT JOIN (
    SELECT [d0].[idDetalleRes], [d0].[CantHuespedes], [d0].[idHabitacion], [d0].[idReservacion], [h].[idHabitacion] AS [idHabitacion0], [h].[Descripcion], [h].[HuespedesMax], [h].[HuespedesMin], [h].[Nombre], [h].[Tama?o]
    FROM [DetalleReservacion] AS [d0]
    INNER JOIN [Habitacion] AS [h] ON [d0].[idHabitacion] = [h].[idHabitacion]
) AS [s] ON [r].[idReservacion] = [s].[idReservacion]
LEFT JOIN (
    SELECT [r0].[idResCom], [r0].[Cantidad], [r0].[idComplemento], [r0].[idReservacion], [c0].[idComplemento] AS [idComplemento0], [c0].[Descripcion], [c0].[Nombre], [c0].[Precio], [c0].[TipoAplicacion]
    FROM [ReservaComplemento] AS [r0]
    INNER JOIN [Complemento] AS [c0] ON [r0].[idComplemento] = [c0].[idComplemento]
) AS [s0] ON [r].[idReservacion] = [s0].[idReservacion]
ORDER BY [r].[idReservacion], [c].[idCrucero], [f].[idFecha], [d].[idDatosPago], [s].[idDetalleRes], [s].[idHabitacion0], [s0].[idResCom]
2025-02-24 14:17:07.480 -06:00 [ERR] An exception occurred while iterating over the results of a query for context type 'Reserva.Infraestructure.Data.ThousandSunnyContext'.
Microsoft.Data.SqlClient.SqlException (0x80131904): Invalid column name 'IdFechaNavigationIdFecha'.
Invalid column name 'IdFechaNavigationIdFecha'.
   at Microsoft.Data.SqlClient.SqlCommand.<>c.<ExecuteDbDataReaderAsync>b__211_0(Task`1 result)
   at System.Threading.Tasks.ContinuationResultTaskFromResultTask`2.InnerInvoke()
   at System.Threading.ExecutionContext.RunInternal(ExecutionContext executionContext, ContextCallback callback, Object state)
--- End of stack trace from previous location ---
   at System.Threading.ExecutionContext.RunInternal(ExecutionContext executionContext, ContextCallback callback, Object state)
   at System.Threading.Tasks.Task.ExecuteWithThreadLocal(Task& currentTaskSlot, Thread threadPoolThread)
--- End of stack trace from previous location ---
   at Microsoft.EntityFrameworkCore.Storage.RelationalCommand.ExecuteReaderAsync(RelationalCommandParameterObject parameterObject, CancellationToken cancellationToken)
   at Microsoft.EntityFrameworkCore.Storage.RelationalCommand.ExecuteReaderAsync(RelationalCommandParameterObject parameterObject, CancellationToken cancellationToken)
   at Microsoft.EntityFrameworkCore.Query.Internal.SingleQueryingEnumerable`1.AsyncEnumerator.InitializeReaderAsync(AsyncEnumerator enumerator, CancellationToken cancellationToken)
   at Microsoft.EntityFrameworkCore.SqlServer.Storage.Internal.SqlServerExecutionStrategy.ExecuteAsync[TState,TResult](TState state, Func`4 operation, Func`4 verifySucceeded, CancellationToken cancellationToken)
   at Microsoft.EntityFrameworkCore.Query.Internal.SingleQueryingEnumerable`1.AsyncEnumerator.MoveNextAsync()
ClientConnectionId:7436928d-613a-4231-ab2d-ba815e94482f
Error Number:207,State:1,Class:16
Microsoft.Data.SqlClient.SqlException (0x80131904): Invalid column name 'IdFechaNavigationIdFecha'.
Invalid column name 'IdFechaNavigationIdFecha'.
   at Microsoft.Data.SqlClient.SqlCommand.<>c.<ExecuteDbDataReaderAsync>b__211_0(Task`1 result)
   at System.Threading.Tasks.ContinuationResultTaskFromResultTask`2.InnerInvoke()
   at System.Threading.ExecutionContext.RunInternal(ExecutionContext executionContext, ContextCallback callback, Object state)
--- End of stack trace from previous location ---
   at System.Threading.ExecutionContext.RunInternal(ExecutionContext executionContext, ContextCallback callback, Object state)
   at System.Threading.Tasks.Task.ExecuteWithThreadLocal(Task& currentTaskSlot, Thread threadPoolThread)
--- End of stack trace from previous location ---
   at Microsoft.EntityFrameworkCore.Storage.RelationalCommand.ExecuteReaderAsync(RelationalCommandParameterObject parameterObject, CancellationToken cancellationToken)
   at Microsoft.EntityFrameworkCore.Storage.RelationalCommand.ExecuteReaderAsync(RelationalCommandParameterObject parameterObject, CancellationToken cancellationToken)
   at Microsoft.EntityFrameworkCore.Query.Internal.SingleQueryingEnumerable`1.AsyncEnumerator.InitializeReaderAsync(AsyncEnumerator enumerator, CancellationToken cancellationToken)
   at Microsoft.EntityFrameworkCore.SqlServer.Storage.Internal.SqlServerExecutionStrategy.ExecuteAsync[TState,TResult](TState state, Func`4 operation, Func`4 verifySucceeded, CancellationToken cancellationToken)
   at Microsoft.EntityFrameworkCore.Query.Internal.SingleQueryingEnumerable`1.AsyncEnumerator.MoveNextAsync()
ClientConnectionId:7436928d-613a-4231-ab2d-ba815e94482f
Error Number:207,State:1,Class:16
2025-02-24 14:17:07.730 -06:00 [ERR] 
EventId    :962-250224021707
ErrorList  :Invalid column name 'IdFechaNavigationIdFecha'.
Invalid column name 'IdFechaNavigationIdFecha'.
StackTrace :   at Microsoft.Data.SqlClient.SqlCommand.<>c.<ExecuteDbDataReaderAsync>b__211_0(Task`1 result)
   at System.Threading.Tasks.ContinuationResultTaskFromResultTask`2.InnerInvoke()
   at System.Threading.ExecutionContext.RunInternal(ExecutionContext executionContext, ContextCallback callback, Object state)
--- End of stack trace from previous location ---
   at System.Threading.ExecutionContext.RunInternal(ExecutionContext executionContext, ContextCallback callback, Object state)
   at System.Threading.Tasks.Task.ExecuteWithThreadLocal(Task& currentTaskSlot, Thread threadPoolThread)
--- End of stack trace from previous location ---
   at Microsoft.EntityFrameworkCore.Storage.RelationalCommand.ExecuteReaderAsync(RelationalCommandParameterObject parameterObject, CancellationToken cancellationToken)
   at Microsoft.EntityFrameworkCore.Storage.RelationalCommand.ExecuteReaderAsync(RelationalCommandParameterObject parameterObject, CancellationToken cancellationToken)
   at Microsoft.EntityFrameworkCore.Query.Internal.SingleQueryingEnumerable`1.AsyncEnumerator.InitializeReaderAsync(AsyncEnumerator enumerator, CancellationToken cancellationToken)
   at Microsoft.EntityFrameworkCore.SqlServer.Storage.Internal.SqlServerExecutionStrategy.ExecuteAsync[TState,TResult](TState state, Func`4 operation, Func`4 verifySucceeded, CancellationToken cancellationToken)
   at Microsoft.EntityFrameworkCore.Query.Internal.SingleQueryingEnumerable`1.AsyncEnumerator.MoveNextAsync()
   at Microsoft.EntityFrameworkCore.EntityFrameworkQueryableExtensions.ToListAsync[TSource](IQueryable`1 source, CancellationToken cancellationToken)
   at Microsoft.EntityFrameworkCore.EntityFrameworkQueryableExtensions.ToListAsync[TSource](IQueryable`1 source, CancellationToken cancellationToken)
   at Reserva.Infraestructure.Repository.Implementations.RepositoryReservacion.ListAsync() in C:\Users\perez\Desktop\GitHub\ThousandSunny\Reserva.Infraestructure\Repository\Implementations\RepositoryReservacion.cs:line 34
   at Reserva.Application.Services.Implementations.ServiceReservacion.ListAsync() in C:\Users\perez\Desktop\GitHub\ThousandSunny\Reserva.Application\Services\Implementations\ServiceReservacion.cs:line 32
   at Reserva.Web.Controllers.ReservacionController.Index() in C:\Users\perez\Desktop\GitHub\ThousandSunny\Reserva.Web\Controllers\ReservacionController.cs:line 19
   at Microsoft.AspNetCore.Mvc.Infrastructure.ActionMethodExecutor.TaskOfIActionResultExecutor.Execute(ActionContext actionContext, IActionResultTypeMapper mapper, ObjectMethodExecutor executor, Object controller, Object[] arguments)
   at Microsoft.AspNetCore.Mvc.Infrastructure.ControllerActionInvoker.<InvokeActionMethodAsync>g__Logged|12_1(ControllerActionInvoker invoker)
   at Microsoft.AspNetCore.Mvc.Infrastructure.ControllerActionInvoker.<InvokeNextActionFilterAsync>g__Awaited|10_0(ControllerActionInvoker invoker, Task lastTask, State next, Scope scope, Object state, Boolean isCompleted)
   at Microsoft.AspNetCore.Mvc.Infrastructure.ControllerActionInvoker.Rethrow(ActionExecutedContextSealed context)
   at Microsoft.AspNetCore.Mvc.Infrastructure.ControllerActionInvoker.Next(State& next, Scope& scope, Object& state, Boolean& isCompleted)
   at Microsoft.AspNetCore.Mvc.Infrastructure.ControllerActionInvoker.<InvokeInnerFilterAsync>g__Awaited|13_0(ControllerActionInvoker invoker, Task lastTask, State next, Scope scope, Object state, Boolean isCompleted)
   at Microsoft.AspNetCore.Mvc.Infrastructure.ResourceInvoker.<InvokeNextResourceFilter>g__Awaited|25_0(ResourceInvoker invoker, Task lastTask, State next, Scope scope, Object state, Boolean isCompleted)
   at Microsoft.AspNetCore.Mvc.Infrastructure.ResourceInvoker.Rethrow(ResourceExecutedContextSealed context)
   at Microsoft.AspNetCore.Mvc.Infrastructure.ResourceInvoker.Next(State& next, Scope& scope, Object& state, Boolean& isCompleted)
   at Microsoft.AspNetCore.Mvc.Infrastructure.ResourceInvoker.<InvokeFilterPipelineAsync>g__Awaited|20_0(ResourceInvoker invoker, Task lastTask, State next, Scope scope, Object state, Boolean isCompleted)
   at Microsoft.AspNetCore.Mvc.Infrastructure.ResourceInvoker.<InvokeAsync>g__Logged|17_1(ResourceInvoker invoker)
   at Microsoft.AspNetCore.Mvc.Infrastructure.ResourceInvoker.<InvokeAsync>g__Logged|17_1(ResourceInvoker invoker)
   at Microsoft.AspNetCore.Authorization.AuthorizationMiddleware.Invoke(HttpContext context)
   at Serilog.AspNetCore.RequestLoggingMiddleware.Invoke(HttpContext httpContext)
   at Reserva.Web.Middleware.ErrorHandlingMiddleware.Invoke(HttpContext context) in C:\Users\perez\Desktop\GitHub\ThousandSunny\Reserva.Web\Middleware\ErrorHandlingMiddleware.cs:line 23

