2025-04-11 14:53:10.729 -06:00 [ERR] 
EventId    :3103-250411025310
ErrorList  :



Welcome to QuestPDF! ?? 

QuestPDF is an open-source library committed to long-term sustainability and continuous improvement. 

To maintain high-quality development and support while keeping the library free for most users, we use a fair pricing model where only larger organizations help by providing necessary funding for the project. 

If your organization?s annual gross revenue exceeds $1M USD, a Commercial License is required for production use (you can freely evaluate and test QuestPDF in non-production environments at no cost). In that case, please share this information with your team or management. By purchasing a license, you directly contribute to the ongoing development and reliability of QuestPDF. 

For details on the license types and determining which applies to you, please visit: https://www.questpdf.com/license/ 

We trust our users. To continue, no license key is needed. Instead, simply select and configure the appropriate license in your code. For example, if you qualify for the Community license, add: 

> QuestPDF.Settings.License = LicenseType.Community; 

Thank you for supporting QuestPDF! ?? By choosing the right license, you help ensure that our project remains transparent, sustainable, and continuously improving for everyone. ?? 




StackTrace :   at QuestPDF.Drawing.DocumentGenerator.ValidateLicense()
   at QuestPDF.Drawing.DocumentGenerator.GeneratePdf(SkWriteStream stream, IDocument document)
   at QuestPDF.Fluent.GenerateExtensions.GeneratePdf(IDocument document)
   at Reserva.Application.Services.PDF.ReservaPDFService.GenerarPdf(ReservacionDTO reserva) in C:\Users\perez\Desktop\GitHub\ThousandSunny\Reserva.Application\Services\PDF\ReservaPDFService.cs:line 19
   at Reserva.Web.Controllers.ReservacionController.DescargarPDF(Int32 id) in C:\Users\perez\Desktop\GitHub\ThousandSunny\Reserva.Web\Controllers\ReservacionController.cs:line 162
   at Microsoft.AspNetCore.Mvc.Infrastructure.ActionMethodExecutor.TaskOfIActionResultExecutor.Execute(ActionContext actionContext, IActionResultTypeMapper mapper, ObjectMethodExecutor executor, Object controller, Object[] arguments)
   at Microsoft.AspNetCore.Mvc.Infrastructure.ControllerActionInvoker.<InvokeActionMethodAsync>g__Logged|12_1(ControllerActionInvoker invoker)
   at Microsoft.AspNetCore.Mvc.Infrastructure.ControllerActionInvoker.<InvokeNextActionFilterAsync>g__Awaited|10_0(ControllerActionInvoker invoker, Task lastTask, State next, Scope scope, Object state, Boolean isCompleted)
   at Microsoft.AspNetCore.Mvc.Infrastructure.ControllerActionInvoker.Rethrow(ActionExecutedContextSealed context)
   at Microsoft.AspNetCore.Mvc.Infrastructure.ControllerActionInvoker.Next(State& next, Scope& scope, Object& state, Boolean& isCompleted)
   at Microsoft.AspNetCore.Mvc.Infrastructure.ControllerActionInvoker.<InvokeInnerFilterAsync>g__Awaited|13_0(ControllerActionInvoker invoker, Task lastTask, State next, Scope scope, Object state, Boolean isCompleted)
   at Microsoft.AspNetCore.Mvc.Infrastructure.ResourceInvoker.<InvokeNextResourceFilter>g__Awaited|25_0(ResourceInvoker invoker, Task lastTask, State next, Scope scope, Object state, Boolean isCompleted)
   at Microsoft.AspNetCore.Mvc.Infrastructure.ResourceInvoker.Rethrow(ResourceExecutedContextSealed context)
   at Microsoft.AspNetCore.Mvc.Infrastructure.ResourceInvoker.Next(State& next, Scope& scope, Object& state, Boolean& isCompleted)
   at Microsoft.AspNetCore.Mvc.Infrastructure.ResourceInvoker.<InvokeFilterPipelineAsync>g__Awaited|20_0(ResourceInvoker invoker, Task lastTask, State next, Scope scope, Object state, Boolean isCompleted)
   at Microsoft.AspNetCore.Mvc.Infrastructure.ResourceInvoker.<InvokeAsync>g__Logged|17_1(ResourceInvoker invoker)
   at Microsoft.AspNetCore.Mvc.Infrastructure.ResourceInvoker.<InvokeAsync>g__Logged|17_1(ResourceInvoker invoker)
   at Microsoft.AspNetCore.Authorization.AuthorizationMiddleware.Invoke(HttpContext context)
   at Serilog.AspNetCore.RequestLoggingMiddleware.Invoke(HttpContext httpContext)
   at Reserva.Web.Middleware.ErrorHandlingMiddleware.Invoke(HttpContext context) in C:\Users\perez\Desktop\GitHub\ThousandSunny\Reserva.Web\Middleware\ErrorHandlingMiddleware.cs:line 23

2025-04-11 14:53:10.987 -06:00 [ERR] An unhandled exception has occurred while executing the request.
System.InvalidOperationException: Invalid non-ASCII or control character in header: 0xD83D
   at Microsoft.AspNetCore.Server.Kestrel.Core.Internal.Http.HttpHeaders.ThrowInvalidHeaderCharacter(Char ch)
   at Microsoft.AspNetCore.Server.Kestrel.Core.Internal.Http.HttpHeaders.ValidateHeaderValueCharacters(String headerCharacters, Boolean requireAscii)
   at Microsoft.AspNetCore.Server.Kestrel.Core.Internal.Http.HttpHeaders.ValidateHeaderValueCharacters(String headerName, StringValues headerValues, Func`2 encodingSelector)
   at Microsoft.AspNetCore.Server.Kestrel.Core.Internal.Http.HttpResponseHeaders.Microsoft.AspNetCore.Http.IHeaderDictionary.set_Location(StringValues value)
   at Reserva.Web.Middleware.ErrorHandlingMiddleware.HandleErrorAsync(HttpContext context) in C:\Users\perez\Desktop\GitHub\ThousandSunny\Reserva.Web\Middleware\ErrorHandlingMiddleware.cs:line 71
   at Reserva.Web.Middleware.ErrorHandlingMiddleware.Invoke(HttpContext context) in C:\Users\perez\Desktop\GitHub\ThousandSunny\Reserva.Web\Middleware\ErrorHandlingMiddleware.cs:line 63
   at Microsoft.AspNetCore.Authentication.AuthenticationMiddleware.Invoke(HttpContext context)
   at Microsoft.AspNetCore.Diagnostics.DeveloperExceptionPageMiddlewareImpl.Invoke(HttpContext context)
2025-04-11 15:00:06.541 -06:00 [ERR] 
EventId    :2743-250411030006
ErrorList  :



Welcome to QuestPDF! ?? 

QuestPDF is an open-source library committed to long-term sustainability and continuous improvement. 

To maintain high-quality development and support while keeping the library free for most users, we use a fair pricing model where only larger organizations help by providing necessary funding for the project. 

If your organization?s annual gross revenue exceeds $1M USD, a Commercial License is required for production use (you can freely evaluate and test QuestPDF in non-production environments at no cost). In that case, please share this information with your team or management. By purchasing a license, you directly contribute to the ongoing development and reliability of QuestPDF. 

For details on the license types and determining which applies to you, please visit: https://www.questpdf.com/license/ 

We trust our users. To continue, no license key is needed. Instead, simply select and configure the appropriate license in your code. For example, if you qualify for the Community license, add: 

> QuestPDF.Settings.License = LicenseType.Community; 

Thank you for supporting QuestPDF! ?? By choosing the right license, you help ensure that our project remains transparent, sustainable, and continuously improving for everyone. ?? 




StackTrace :   at QuestPDF.Drawing.DocumentGenerator.ValidateLicense()
   at QuestPDF.Drawing.DocumentGenerator.GeneratePdf(SkWriteStream stream, IDocument document)
   at QuestPDF.Fluent.GenerateExtensions.GeneratePdf(IDocument document)
   at Reserva.Application.Services.PDF.ReservaPDFService.GenerarPdf(ReservacionDTO reserva) in C:\Users\perez\Desktop\GitHub\ThousandSunny\Reserva.Application\Services\PDF\ReservaPDFService.cs:line 19
   at Reserva.Web.Controllers.ReservacionController.DescargarPDF(Int32 id) in C:\Users\perez\Desktop\GitHub\ThousandSunny\Reserva.Web\Controllers\ReservacionController.cs:line 162
   at Microsoft.AspNetCore.Mvc.Infrastructure.ActionMethodExecutor.TaskOfIActionResultExecutor.Execute(ActionContext actionContext, IActionResultTypeMapper mapper, ObjectMethodExecutor executor, Object controller, Object[] arguments)
   at Microsoft.AspNetCore.Mvc.Infrastructure.ControllerActionInvoker.<InvokeActionMethodAsync>g__Logged|12_1(ControllerActionInvoker invoker)
   at Microsoft.AspNetCore.Mvc.Infrastructure.ControllerActionInvoker.<InvokeNextActionFilterAsync>g__Awaited|10_0(ControllerActionInvoker invoker, Task lastTask, State next, Scope scope, Object state, Boolean isCompleted)
   at Microsoft.AspNetCore.Mvc.Infrastructure.ControllerActionInvoker.Rethrow(ActionExecutedContextSealed context)
   at Microsoft.AspNetCore.Mvc.Infrastructure.ControllerActionInvoker.Next(State& next, Scope& scope, Object& state, Boolean& isCompleted)
   at Microsoft.AspNetCore.Mvc.Infrastructure.ControllerActionInvoker.<InvokeInnerFilterAsync>g__Awaited|13_0(ControllerActionInvoker invoker, Task lastTask, State next, Scope scope, Object state, Boolean isCompleted)
   at Microsoft.AspNetCore.Mvc.Infrastructure.ResourceInvoker.<InvokeNextResourceFilter>g__Awaited|25_0(ResourceInvoker invoker, Task lastTask, State next, Scope scope, Object state, Boolean isCompleted)
   at Microsoft.AspNetCore.Mvc.Infrastructure.ResourceInvoker.Rethrow(ResourceExecutedContextSealed context)
   at Microsoft.AspNetCore.Mvc.Infrastructure.ResourceInvoker.Next(State& next, Scope& scope, Object& state, Boolean& isCompleted)
   at Microsoft.AspNetCore.Mvc.Infrastructure.ResourceInvoker.<InvokeFilterPipelineAsync>g__Awaited|20_0(ResourceInvoker invoker, Task lastTask, State next, Scope scope, Object state, Boolean isCompleted)
   at Microsoft.AspNetCore.Mvc.Infrastructure.ResourceInvoker.<InvokeAsync>g__Logged|17_1(ResourceInvoker invoker)
   at Microsoft.AspNetCore.Mvc.Infrastructure.ResourceInvoker.<InvokeAsync>g__Logged|17_1(ResourceInvoker invoker)
   at Microsoft.AspNetCore.Authorization.AuthorizationMiddleware.Invoke(HttpContext context)
   at Serilog.AspNetCore.RequestLoggingMiddleware.Invoke(HttpContext httpContext)
   at Reserva.Web.Middleware.ErrorHandlingMiddleware.Invoke(HttpContext context) in C:\Users\perez\Desktop\GitHub\ThousandSunny\Reserva.Web\Middleware\ErrorHandlingMiddleware.cs:line 23

2025-04-11 15:13:53.484 -06:00 [ERR] 
EventId    :218-250411031353
ErrorList  :



Welcome to QuestPDF! ?? 

QuestPDF is an open-source library committed to long-term sustainability and continuous improvement. 

To maintain high-quality development and support while keeping the library free for most users, we use a fair pricing model where only larger organizations help by providing necessary funding for the project. 

If your organization?s annual gross revenue exceeds $1M USD, a Commercial License is required for production use (you can freely evaluate and test QuestPDF in non-production environments at no cost). In that case, please share this information with your team or management. By purchasing a license, you directly contribute to the ongoing development and reliability of QuestPDF. 

For details on the license types and determining which applies to you, please visit: https://www.questpdf.com/license/ 

We trust our users. To continue, no license key is needed. Instead, simply select and configure the appropriate license in your code. For example, if you qualify for the Community license, add: 

> QuestPDF.Settings.License = LicenseType.Community; 

Thank you for supporting QuestPDF! ?? By choosing the right license, you help ensure that our project remains transparent, sustainable, and continuously improving for everyone. ?? 




StackTrace :   at QuestPDF.Drawing.DocumentGenerator.ValidateLicense()
   at QuestPDF.Drawing.DocumentGenerator.GeneratePdf(SkWriteStream stream, IDocument document)
   at QuestPDF.Fluent.GenerateExtensions.GeneratePdf(IDocument document)
   at Reserva.Application.Services.PDF.ReservaPDFService.GenerarPdf(ReservacionDTO reserva) in C:\Users\perez\Desktop\GitHub\ThousandSunny\Reserva.Application\Services\PDF\ReservaPDFService.cs:line 19
   at Reserva.Web.Controllers.ReservacionController.DescargarPDF(Int32 id) in C:\Users\perez\Desktop\GitHub\ThousandSunny\Reserva.Web\Controllers\ReservacionController.cs:line 162
   at Microsoft.AspNetCore.Mvc.Infrastructure.ActionMethodExecutor.TaskOfIActionResultExecutor.Execute(ActionContext actionContext, IActionResultTypeMapper mapper, ObjectMethodExecutor executor, Object controller, Object[] arguments)
   at Microsoft.AspNetCore.Mvc.Infrastructure.ControllerActionInvoker.<InvokeActionMethodAsync>g__Logged|12_1(ControllerActionInvoker invoker)
   at Microsoft.AspNetCore.Mvc.Infrastructure.ControllerActionInvoker.<InvokeNextActionFilterAsync>g__Awaited|10_0(ControllerActionInvoker invoker, Task lastTask, State next, Scope scope, Object state, Boolean isCompleted)
   at Microsoft.AspNetCore.Mvc.Infrastructure.ControllerActionInvoker.Rethrow(ActionExecutedContextSealed context)
   at Microsoft.AspNetCore.Mvc.Infrastructure.ControllerActionInvoker.Next(State& next, Scope& scope, Object& state, Boolean& isCompleted)
   at Microsoft.AspNetCore.Mvc.Infrastructure.ControllerActionInvoker.<InvokeInnerFilterAsync>g__Awaited|13_0(ControllerActionInvoker invoker, Task lastTask, State next, Scope scope, Object state, Boolean isCompleted)
   at Microsoft.AspNetCore.Mvc.Infrastructure.ResourceInvoker.<InvokeNextResourceFilter>g__Awaited|25_0(ResourceInvoker invoker, Task lastTask, State next, Scope scope, Object state, Boolean isCompleted)
   at Microsoft.AspNetCore.Mvc.Infrastructure.ResourceInvoker.Rethrow(ResourceExecutedContextSealed context)
   at Microsoft.AspNetCore.Mvc.Infrastructure.ResourceInvoker.Next(State& next, Scope& scope, Object& state, Boolean& isCompleted)
   at Microsoft.AspNetCore.Mvc.Infrastructure.ResourceInvoker.<InvokeFilterPipelineAsync>g__Awaited|20_0(ResourceInvoker invoker, Task lastTask, State next, Scope scope, Object state, Boolean isCompleted)
   at Microsoft.AspNetCore.Mvc.Infrastructure.ResourceInvoker.<InvokeAsync>g__Logged|17_1(ResourceInvoker invoker)
   at Microsoft.AspNetCore.Mvc.Infrastructure.ResourceInvoker.<InvokeAsync>g__Logged|17_1(ResourceInvoker invoker)
   at Microsoft.AspNetCore.Authorization.AuthorizationMiddleware.Invoke(HttpContext context)
   at Serilog.AspNetCore.RequestLoggingMiddleware.Invoke(HttpContext httpContext)
   at Reserva.Web.Middleware.ErrorHandlingMiddleware.Invoke(HttpContext context) in C:\Users\perez\Desktop\GitHub\ThousandSunny\Reserva.Web\Middleware\ErrorHandlingMiddleware.cs:line 23

2025-04-11 15:18:08.271 -06:00 [ERR] 
EventId    :2849-250411031808
ErrorList  :



Welcome to QuestPDF! ?? 

QuestPDF is an open-source library committed to long-term sustainability and continuous improvement. 

To maintain high-quality development and support while keeping the library free for most users, we use a fair pricing model where only larger organizations help by providing necessary funding for the project. 

If your organization?s annual gross revenue exceeds $1M USD, a Commercial License is required for production use (you can freely evaluate and test QuestPDF in non-production environments at no cost). In that case, please share this information with your team or management. By purchasing a license, you directly contribute to the ongoing development and reliability of QuestPDF. 

For details on the license types and determining which applies to you, please visit: https://www.questpdf.com/license/ 

We trust our users. To continue, no license key is needed. Instead, simply select and configure the appropriate license in your code. For example, if you qualify for the Community license, add: 

> QuestPDF.Settings.License = LicenseType.Community; 

Thank you for supporting QuestPDF! ?? By choosing the right license, you help ensure that our project remains transparent, sustainable, and continuously improving for everyone. ?? 




StackTrace :   at QuestPDF.Drawing.DocumentGenerator.ValidateLicense()
   at QuestPDF.Drawing.DocumentGenerator.GeneratePdf(SkWriteStream stream, IDocument document)
   at QuestPDF.Fluent.GenerateExtensions.GeneratePdf(IDocument document)
   at Reserva.Application.Services.PDF.ReservaPDFService.GenerarPdf(ReservacionDTO reserva) in C:\Users\perez\Desktop\GitHub\ThousandSunny\Reserva.Application\Services\PDF\ReservaPDFService.cs:line 19
   at Reserva.Web.Controllers.ReservacionController.DescargarPDF(Int32 id) in C:\Users\perez\Desktop\GitHub\ThousandSunny\Reserva.Web\Controllers\ReservacionController.cs:line 165
   at Microsoft.AspNetCore.Mvc.Infrastructure.ActionMethodExecutor.TaskOfIActionResultExecutor.Execute(ActionContext actionContext, IActionResultTypeMapper mapper, ObjectMethodExecutor executor, Object controller, Object[] arguments)
   at Microsoft.AspNetCore.Mvc.Infrastructure.ControllerActionInvoker.<InvokeActionMethodAsync>g__Logged|12_1(ControllerActionInvoker invoker)
   at Microsoft.AspNetCore.Mvc.Infrastructure.ControllerActionInvoker.<InvokeNextActionFilterAsync>g__Awaited|10_0(ControllerActionInvoker invoker, Task lastTask, State next, Scope scope, Object state, Boolean isCompleted)
   at Microsoft.AspNetCore.Mvc.Infrastructure.ControllerActionInvoker.Rethrow(ActionExecutedContextSealed context)
   at Microsoft.AspNetCore.Mvc.Infrastructure.ControllerActionInvoker.Next(State& next, Scope& scope, Object& state, Boolean& isCompleted)
   at Microsoft.AspNetCore.Mvc.Infrastructure.ControllerActionInvoker.<InvokeInnerFilterAsync>g__Awaited|13_0(ControllerActionInvoker invoker, Task lastTask, State next, Scope scope, Object state, Boolean isCompleted)
   at Microsoft.AspNetCore.Mvc.Infrastructure.ResourceInvoker.<InvokeNextResourceFilter>g__Awaited|25_0(ResourceInvoker invoker, Task lastTask, State next, Scope scope, Object state, Boolean isCompleted)
   at Microsoft.AspNetCore.Mvc.Infrastructure.ResourceInvoker.Rethrow(ResourceExecutedContextSealed context)
   at Microsoft.AspNetCore.Mvc.Infrastructure.ResourceInvoker.Next(State& next, Scope& scope, Object& state, Boolean& isCompleted)
   at Microsoft.AspNetCore.Mvc.Infrastructure.ResourceInvoker.<InvokeFilterPipelineAsync>g__Awaited|20_0(ResourceInvoker invoker, Task lastTask, State next, Scope scope, Object state, Boolean isCompleted)
   at Microsoft.AspNetCore.Mvc.Infrastructure.ResourceInvoker.<InvokeAsync>g__Logged|17_1(ResourceInvoker invoker)
   at Microsoft.AspNetCore.Mvc.Infrastructure.ResourceInvoker.<InvokeAsync>g__Logged|17_1(ResourceInvoker invoker)
   at Microsoft.AspNetCore.Authorization.AuthorizationMiddleware.Invoke(HttpContext context)
   at Serilog.AspNetCore.RequestLoggingMiddleware.Invoke(HttpContext httpContext)
   at Reserva.Web.Middleware.ErrorHandlingMiddleware.Invoke(HttpContext context) in C:\Users\perez\Desktop\GitHub\ThousandSunny\Reserva.Web\Middleware\ErrorHandlingMiddleware.cs:line 23

2025-04-11 15:18:20.622 -06:00 [ERR] 
EventId    :3792-250411031820
ErrorList  :



Welcome to QuestPDF! ?? 

QuestPDF is an open-source library committed to long-term sustainability and continuous improvement. 

To maintain high-quality development and support while keeping the library free for most users, we use a fair pricing model where only larger organizations help by providing necessary funding for the project. 

If your organization?s annual gross revenue exceeds $1M USD, a Commercial License is required for production use (you can freely evaluate and test QuestPDF in non-production environments at no cost). In that case, please share this information with your team or management. By purchasing a license, you directly contribute to the ongoing development and reliability of QuestPDF. 

For details on the license types and determining which applies to you, please visit: https://www.questpdf.com/license/ 

We trust our users. To continue, no license key is needed. Instead, simply select and configure the appropriate license in your code. For example, if you qualify for the Community license, add: 

> QuestPDF.Settings.License = LicenseType.Community; 

Thank you for supporting QuestPDF! ?? By choosing the right license, you help ensure that our project remains transparent, sustainable, and continuously improving for everyone. ?? 




StackTrace :   at QuestPDF.Drawing.DocumentGenerator.ValidateLicense()
   at QuestPDF.Drawing.DocumentGenerator.GeneratePdf(SkWriteStream stream, IDocument document)
   at QuestPDF.Fluent.GenerateExtensions.GeneratePdf(IDocument document)
   at Reserva.Application.Services.PDF.ReservaPDFService.GenerarPdf(ReservacionDTO reserva) in C:\Users\perez\Desktop\GitHub\ThousandSunny\Reserva.Application\Services\PDF\ReservaPDFService.cs:line 19
   at Reserva.Web.Controllers.ReservacionController.DescargarPDF(Int32 id) in C:\Users\perez\Desktop\GitHub\ThousandSunny\Reserva.Web\Controllers\ReservacionController.cs:line 165
   at Microsoft.AspNetCore.Mvc.Infrastructure.ActionMethodExecutor.TaskOfIActionResultExecutor.Execute(ActionContext actionContext, IActionResultTypeMapper mapper, ObjectMethodExecutor executor, Object controller, Object[] arguments)
   at Microsoft.AspNetCore.Mvc.Infrastructure.ControllerActionInvoker.<InvokeActionMethodAsync>g__Logged|12_1(ControllerActionInvoker invoker)
   at Microsoft.AspNetCore.Mvc.Infrastructure.ControllerActionInvoker.<InvokeNextActionFilterAsync>g__Awaited|10_0(ControllerActionInvoker invoker, Task lastTask, State next, Scope scope, Object state, Boolean isCompleted)
   at Microsoft.AspNetCore.Mvc.Infrastructure.ControllerActionInvoker.Rethrow(ActionExecutedContextSealed context)
   at Microsoft.AspNetCore.Mvc.Infrastructure.ControllerActionInvoker.Next(State& next, Scope& scope, Object& state, Boolean& isCompleted)
   at Microsoft.AspNetCore.Mvc.Infrastructure.ControllerActionInvoker.<InvokeInnerFilterAsync>g__Awaited|13_0(ControllerActionInvoker invoker, Task lastTask, State next, Scope scope, Object state, Boolean isCompleted)
   at Microsoft.AspNetCore.Mvc.Infrastructure.ResourceInvoker.<InvokeNextResourceFilter>g__Awaited|25_0(ResourceInvoker invoker, Task lastTask, State next, Scope scope, Object state, Boolean isCompleted)
   at Microsoft.AspNetCore.Mvc.Infrastructure.ResourceInvoker.Rethrow(ResourceExecutedContextSealed context)
   at Microsoft.AspNetCore.Mvc.Infrastructure.ResourceInvoker.Next(State& next, Scope& scope, Object& state, Boolean& isCompleted)
   at Microsoft.AspNetCore.Mvc.Infrastructure.ResourceInvoker.<InvokeFilterPipelineAsync>g__Awaited|20_0(ResourceInvoker invoker, Task lastTask, State next, Scope scope, Object state, Boolean isCompleted)
   at Microsoft.AspNetCore.Mvc.Infrastructure.ResourceInvoker.<InvokeAsync>g__Logged|17_1(ResourceInvoker invoker)
   at Microsoft.AspNetCore.Mvc.Infrastructure.ResourceInvoker.<InvokeAsync>g__Logged|17_1(ResourceInvoker invoker)
   at Microsoft.AspNetCore.Authorization.AuthorizationMiddleware.Invoke(HttpContext context)
   at Serilog.AspNetCore.RequestLoggingMiddleware.Invoke(HttpContext httpContext)
   at Reserva.Web.Middleware.ErrorHandlingMiddleware.Invoke(HttpContext context) in C:\Users\perez\Desktop\GitHub\ThousandSunny\Reserva.Web\Middleware\ErrorHandlingMiddleware.cs:line 23

2025-04-11 15:21:51.449 -06:00 [ERR] 
EventId    :1745-250411032151
ErrorList  :



Welcome to QuestPDF! ?? 

QuestPDF is an open-source library committed to long-term sustainability and continuous improvement. 

To maintain high-quality development and support while keeping the library free for most users, we use a fair pricing model where only larger organizations help by providing necessary funding for the project. 

If your organization?s annual gross revenue exceeds $1M USD, a Commercial License is required for production use (you can freely evaluate and test QuestPDF in non-production environments at no cost). In that case, please share this information with your team or management. By purchasing a license, you directly contribute to the ongoing development and reliability of QuestPDF. 

For details on the license types and determining which applies to you, please visit: https://www.questpdf.com/license/ 

We trust our users. To continue, no license key is needed. Instead, simply select and configure the appropriate license in your code. For example, if you qualify for the Community license, add: 

> QuestPDF.Settings.License = LicenseType.Community; 

Thank you for supporting QuestPDF! ?? By choosing the right license, you help ensure that our project remains transparent, sustainable, and continuously improving for everyone. ?? 




StackTrace :   at QuestPDF.Drawing.DocumentGenerator.ValidateLicense()
   at QuestPDF.Drawing.DocumentGenerator.GeneratePdf(SkWriteStream stream, IDocument document)
   at QuestPDF.Fluent.GenerateExtensions.GeneratePdf(IDocument document)
   at Reserva.Application.Services.PDF.ReservaPDFService.GenerarPdf(ReservacionDTO reserva) in C:\Users\perez\Desktop\GitHub\ThousandSunny\Reserva.Application\Services\PDF\ReservaPDFService.cs:line 19
   at Reserva.Web.Controllers.ReservacionController.DescargarPDF(Int32 id) in C:\Users\perez\Desktop\GitHub\ThousandSunny\Reserva.Web\Controllers\ReservacionController.cs:line 165
   at Microsoft.AspNetCore.Mvc.Infrastructure.ActionMethodExecutor.TaskOfIActionResultExecutor.Execute(ActionContext actionContext, IActionResultTypeMapper mapper, ObjectMethodExecutor executor, Object controller, Object[] arguments)
   at Microsoft.AspNetCore.Mvc.Infrastructure.ControllerActionInvoker.<InvokeActionMethodAsync>g__Logged|12_1(ControllerActionInvoker invoker)
   at Microsoft.AspNetCore.Mvc.Infrastructure.ControllerActionInvoker.<InvokeNextActionFilterAsync>g__Awaited|10_0(ControllerActionInvoker invoker, Task lastTask, State next, Scope scope, Object state, Boolean isCompleted)
   at Microsoft.AspNetCore.Mvc.Infrastructure.ControllerActionInvoker.Rethrow(ActionExecutedContextSealed context)
   at Microsoft.AspNetCore.Mvc.Infrastructure.ControllerActionInvoker.Next(State& next, Scope& scope, Object& state, Boolean& isCompleted)
   at Microsoft.AspNetCore.Mvc.Infrastructure.ControllerActionInvoker.<InvokeInnerFilterAsync>g__Awaited|13_0(ControllerActionInvoker invoker, Task lastTask, State next, Scope scope, Object state, Boolean isCompleted)
   at Microsoft.AspNetCore.Mvc.Infrastructure.ResourceInvoker.<InvokeNextResourceFilter>g__Awaited|25_0(ResourceInvoker invoker, Task lastTask, State next, Scope scope, Object state, Boolean isCompleted)
   at Microsoft.AspNetCore.Mvc.Infrastructure.ResourceInvoker.Rethrow(ResourceExecutedContextSealed context)
   at Microsoft.AspNetCore.Mvc.Infrastructure.ResourceInvoker.Next(State& next, Scope& scope, Object& state, Boolean& isCompleted)
   at Microsoft.AspNetCore.Mvc.Infrastructure.ResourceInvoker.<InvokeFilterPipelineAsync>g__Awaited|20_0(ResourceInvoker invoker, Task lastTask, State next, Scope scope, Object state, Boolean isCompleted)
   at Microsoft.AspNetCore.Mvc.Infrastructure.ResourceInvoker.<InvokeAsync>g__Logged|17_1(ResourceInvoker invoker)
   at Microsoft.AspNetCore.Mvc.Infrastructure.ResourceInvoker.<InvokeAsync>g__Logged|17_1(ResourceInvoker invoker)
   at Microsoft.AspNetCore.Authorization.AuthorizationMiddleware.Invoke(HttpContext context)
   at Serilog.AspNetCore.RequestLoggingMiddleware.Invoke(HttpContext httpContext)
   at Reserva.Web.Middleware.ErrorHandlingMiddleware.Invoke(HttpContext context) in C:\Users\perez\Desktop\GitHub\ThousandSunny\Reserva.Web\Middleware\ErrorHandlingMiddleware.cs:line 23

2025-04-11 15:23:59.970 -06:00 [ERR] 
EventId    :4844-250411032359
ErrorList  :



Welcome to QuestPDF! ?? 

QuestPDF is an open-source library committed to long-term sustainability and continuous improvement. 

To maintain high-quality development and support while keeping the library free for most users, we use a fair pricing model where only larger organizations help by providing necessary funding for the project. 

If your organization?s annual gross revenue exceeds $1M USD, a Commercial License is required for production use (you can freely evaluate and test QuestPDF in non-production environments at no cost). In that case, please share this information with your team or management. By purchasing a license, you directly contribute to the ongoing development and reliability of QuestPDF. 

For details on the license types and determining which applies to you, please visit: https://www.questpdf.com/license/ 

We trust our users. To continue, no license key is needed. Instead, simply select and configure the appropriate license in your code. For example, if you qualify for the Community license, add: 

> QuestPDF.Settings.License = LicenseType.Community; 

Thank you for supporting QuestPDF! ?? By choosing the right license, you help ensure that our project remains transparent, sustainable, and continuously improving for everyone. ?? 




StackTrace :   at QuestPDF.Drawing.DocumentGenerator.ValidateLicense()
   at QuestPDF.Drawing.DocumentGenerator.GeneratePdf(SkWriteStream stream, IDocument document)
   at QuestPDF.Fluent.GenerateExtensions.GeneratePdf(IDocument document)
   at Reserva.Application.Services.PDF.ReservaPDFService.GenerarPdf(ReservacionDTO reserva) in C:\Users\perez\Desktop\GitHub\ThousandSunny\Reserva.Application\Services\PDF\ReservaPDFService.cs:line 19
   at Reserva.Web.Controllers.ReservacionController.DescargarPDF(Int32 id) in C:\Users\perez\Desktop\GitHub\ThousandSunny\Reserva.Web\Controllers\ReservacionController.cs:line 165
   at Microsoft.AspNetCore.Mvc.Infrastructure.ActionMethodExecutor.TaskOfIActionResultExecutor.Execute(ActionContext actionContext, IActionResultTypeMapper mapper, ObjectMethodExecutor executor, Object controller, Object[] arguments)
   at Microsoft.AspNetCore.Mvc.Infrastructure.ControllerActionInvoker.<InvokeActionMethodAsync>g__Logged|12_1(ControllerActionInvoker invoker)
   at Microsoft.AspNetCore.Mvc.Infrastructure.ControllerActionInvoker.<InvokeNextActionFilterAsync>g__Awaited|10_0(ControllerActionInvoker invoker, Task lastTask, State next, Scope scope, Object state, Boolean isCompleted)
   at Microsoft.AspNetCore.Mvc.Infrastructure.ControllerActionInvoker.Rethrow(ActionExecutedContextSealed context)
   at Microsoft.AspNetCore.Mvc.Infrastructure.ControllerActionInvoker.Next(State& next, Scope& scope, Object& state, Boolean& isCompleted)
   at Microsoft.AspNetCore.Mvc.Infrastructure.ControllerActionInvoker.<InvokeInnerFilterAsync>g__Awaited|13_0(ControllerActionInvoker invoker, Task lastTask, State next, Scope scope, Object state, Boolean isCompleted)
   at Microsoft.AspNetCore.Mvc.Infrastructure.ResourceInvoker.<InvokeNextResourceFilter>g__Awaited|25_0(ResourceInvoker invoker, Task lastTask, State next, Scope scope, Object state, Boolean isCompleted)
   at Microsoft.AspNetCore.Mvc.Infrastructure.ResourceInvoker.Rethrow(ResourceExecutedContextSealed context)
   at Microsoft.AspNetCore.Mvc.Infrastructure.ResourceInvoker.Next(State& next, Scope& scope, Object& state, Boolean& isCompleted)
   at Microsoft.AspNetCore.Mvc.Infrastructure.ResourceInvoker.<InvokeFilterPipelineAsync>g__Awaited|20_0(ResourceInvoker invoker, Task lastTask, State next, Scope scope, Object state, Boolean isCompleted)
   at Microsoft.AspNetCore.Mvc.Infrastructure.ResourceInvoker.<InvokeAsync>g__Logged|17_1(ResourceInvoker invoker)
   at Microsoft.AspNetCore.Mvc.Infrastructure.ResourceInvoker.<InvokeAsync>g__Logged|17_1(ResourceInvoker invoker)
   at Microsoft.AspNetCore.Authorization.AuthorizationMiddleware.Invoke(HttpContext context)
   at Serilog.AspNetCore.RequestLoggingMiddleware.Invoke(HttpContext httpContext)
   at Reserva.Web.Middleware.ErrorHandlingMiddleware.Invoke(HttpContext context) in C:\Users\perez\Desktop\GitHub\ThousandSunny\Reserva.Web\Middleware\ErrorHandlingMiddleware.cs:line 23

2025-04-11 15:24:26.319 -06:00 [ERR] 
EventId    :2372-250411032426
ErrorList  :



Welcome to QuestPDF! ?? 

QuestPDF is an open-source library committed to long-term sustainability and continuous improvement. 

To maintain high-quality development and support while keeping the library free for most users, we use a fair pricing model where only larger organizations help by providing necessary funding for the project. 

If your organization?s annual gross revenue exceeds $1M USD, a Commercial License is required for production use (you can freely evaluate and test QuestPDF in non-production environments at no cost). In that case, please share this information with your team or management. By purchasing a license, you directly contribute to the ongoing development and reliability of QuestPDF. 

For details on the license types and determining which applies to you, please visit: https://www.questpdf.com/license/ 

We trust our users. To continue, no license key is needed. Instead, simply select and configure the appropriate license in your code. For example, if you qualify for the Community license, add: 

> QuestPDF.Settings.License = LicenseType.Community; 

Thank you for supporting QuestPDF! ?? By choosing the right license, you help ensure that our project remains transparent, sustainable, and continuously improving for everyone. ?? 




StackTrace :   at QuestPDF.Drawing.DocumentGenerator.ValidateLicense()
   at QuestPDF.Drawing.DocumentGenerator.GeneratePdf(SkWriteStream stream, IDocument document)
   at QuestPDF.Fluent.GenerateExtensions.GeneratePdf(IDocument document)
   at Reserva.Application.Services.PDF.ReservaPDFService.GenerarPdf(ReservacionDTO reserva) in C:\Users\perez\Desktop\GitHub\ThousandSunny\Reserva.Application\Services\PDF\ReservaPDFService.cs:line 19
   at Reserva.Web.Controllers.ReservacionController.DescargarPDF(Int32 id) in C:\Users\perez\Desktop\GitHub\ThousandSunny\Reserva.Web\Controllers\ReservacionController.cs:line 165
   at Microsoft.AspNetCore.Mvc.Infrastructure.ActionMethodExecutor.TaskOfIActionResultExecutor.Execute(ActionContext actionContext, IActionResultTypeMapper mapper, ObjectMethodExecutor executor, Object controller, Object[] arguments)
   at Microsoft.AspNetCore.Mvc.Infrastructure.ControllerActionInvoker.<InvokeActionMethodAsync>g__Logged|12_1(ControllerActionInvoker invoker)
   at Microsoft.AspNetCore.Mvc.Infrastructure.ControllerActionInvoker.<InvokeNextActionFilterAsync>g__Awaited|10_0(ControllerActionInvoker invoker, Task lastTask, State next, Scope scope, Object state, Boolean isCompleted)
   at Microsoft.AspNetCore.Mvc.Infrastructure.ControllerActionInvoker.Rethrow(ActionExecutedContextSealed context)
   at Microsoft.AspNetCore.Mvc.Infrastructure.ControllerActionInvoker.Next(State& next, Scope& scope, Object& state, Boolean& isCompleted)
   at Microsoft.AspNetCore.Mvc.Infrastructure.ControllerActionInvoker.<InvokeInnerFilterAsync>g__Awaited|13_0(ControllerActionInvoker invoker, Task lastTask, State next, Scope scope, Object state, Boolean isCompleted)
   at Microsoft.AspNetCore.Mvc.Infrastructure.ResourceInvoker.<InvokeNextResourceFilter>g__Awaited|25_0(ResourceInvoker invoker, Task lastTask, State next, Scope scope, Object state, Boolean isCompleted)
   at Microsoft.AspNetCore.Mvc.Infrastructure.ResourceInvoker.Rethrow(ResourceExecutedContextSealed context)
   at Microsoft.AspNetCore.Mvc.Infrastructure.ResourceInvoker.Next(State& next, Scope& scope, Object& state, Boolean& isCompleted)
   at Microsoft.AspNetCore.Mvc.Infrastructure.ResourceInvoker.<InvokeFilterPipelineAsync>g__Awaited|20_0(ResourceInvoker invoker, Task lastTask, State next, Scope scope, Object state, Boolean isCompleted)
   at Microsoft.AspNetCore.Mvc.Infrastructure.ResourceInvoker.<InvokeAsync>g__Logged|17_1(ResourceInvoker invoker)
   at Microsoft.AspNetCore.Mvc.Infrastructure.ResourceInvoker.<InvokeAsync>g__Logged|17_1(ResourceInvoker invoker)
   at Microsoft.AspNetCore.Authorization.AuthorizationMiddleware.Invoke(HttpContext context)
   at Serilog.AspNetCore.RequestLoggingMiddleware.Invoke(HttpContext httpContext)
   at Reserva.Web.Middleware.ErrorHandlingMiddleware.Invoke(HttpContext context) in C:\Users\perez\Desktop\GitHub\ThousandSunny\Reserva.Web\Middleware\ErrorHandlingMiddleware.cs:line 23

2025-04-11 17:15:38.340 -06:00 [ERR] 
EventId    :1865-250411051538
ErrorList  :Unable to load DLL 'libwkhtmltox' or one of its dependencies: The specified module could not be found. (0x8007007E)
StackTrace :   at DinkToPdf.SynchronizedConverter.Invoke[TResult](Func`1 delegate)
   at DinkToPdf.SynchronizedConverter.Convert(IDocument document)
   at Reserva.Application.Services.PDF.DinkPDFService.GenerarPdf(ReservacionDTO reserva) in C:\Users\perez\Desktop\GitHub\ThousandSunny\Reserva.Application\Services\PDF\DinkPDFService.cs:line 152
   at Reserva.Web.Controllers.ReservacionController.DescargarPDF(Int32 id) in C:\Users\perez\Desktop\GitHub\ThousandSunny\Reserva.Web\Controllers\ReservacionController.cs:line 45
   at Microsoft.AspNetCore.Mvc.Infrastructure.ActionMethodExecutor.TaskOfIActionResultExecutor.Execute(ActionContext actionContext, IActionResultTypeMapper mapper, ObjectMethodExecutor executor, Object controller, Object[] arguments)
   at Microsoft.AspNetCore.Mvc.Infrastructure.ControllerActionInvoker.<InvokeActionMethodAsync>g__Logged|12_1(ControllerActionInvoker invoker)
   at Microsoft.AspNetCore.Mvc.Infrastructure.ControllerActionInvoker.<InvokeNextActionFilterAsync>g__Awaited|10_0(ControllerActionInvoker invoker, Task lastTask, State next, Scope scope, Object state, Boolean isCompleted)
   at Microsoft.AspNetCore.Mvc.Infrastructure.ControllerActionInvoker.Rethrow(ActionExecutedContextSealed context)
   at Microsoft.AspNetCore.Mvc.Infrastructure.ControllerActionInvoker.Next(State& next, Scope& scope, Object& state, Boolean& isCompleted)
   at Microsoft.AspNetCore.Mvc.Infrastructure.ControllerActionInvoker.<InvokeInnerFilterAsync>g__Awaited|13_0(ControllerActionInvoker invoker, Task lastTask, State next, Scope scope, Object state, Boolean isCompleted)
   at Microsoft.AspNetCore.Mvc.Infrastructure.ResourceInvoker.<InvokeNextResourceFilter>g__Awaited|25_0(ResourceInvoker invoker, Task lastTask, State next, Scope scope, Object state, Boolean isCompleted)
   at Microsoft.AspNetCore.Mvc.Infrastructure.ResourceInvoker.Rethrow(ResourceExecutedContextSealed context)
   at Microsoft.AspNetCore.Mvc.Infrastructure.ResourceInvoker.Next(State& next, Scope& scope, Object& state, Boolean& isCompleted)
   at Microsoft.AspNetCore.Mvc.Infrastructure.ResourceInvoker.<InvokeFilterPipelineAsync>g__Awaited|20_0(ResourceInvoker invoker, Task lastTask, State next, Scope scope, Object state, Boolean isCompleted)
   at Microsoft.AspNetCore.Mvc.Infrastructure.ResourceInvoker.<InvokeAsync>g__Logged|17_1(ResourceInvoker invoker)
   at Microsoft.AspNetCore.Mvc.Infrastructure.ResourceInvoker.<InvokeAsync>g__Logged|17_1(ResourceInvoker invoker)
   at Microsoft.AspNetCore.Authorization.AuthorizationMiddleware.Invoke(HttpContext context)
   at Serilog.AspNetCore.RequestLoggingMiddleware.Invoke(HttpContext httpContext)
   at Reserva.Web.Middleware.ErrorHandlingMiddleware.Invoke(HttpContext context) in C:\Users\perez\Desktop\GitHub\ThousandSunny\Reserva.Web\Middleware\ErrorHandlingMiddleware.cs:line 23

